---------------------Begin Fuzzing---------------------
---------------------Round 1---------------------
[DEBUG]: Chosen State:
 receive_pairing_random_state
[DEBUG]: Mutation Vector:
 {1: {}, 2: {}, 3: {}, 4: {}, 5: {}, 6: {}, 7: {}, 8: {}, 9: {}, 10: {}, 11: {}, 12: {}, 13: {0: b'\x94H\x9b\x02\xabB\x06\xc6\xa5\xed\xd4X\xf9r\x9d\x84'}, 14: {}}
[DEBUG]: Receive Packet:
 {'code': 2, 'io_capability': b'\x03', 'oob_data_flags': b'\x00', 'authreq': b'\x01', 'max_enc_key_size': b'\x10', 'initiator_key_distribution': b'\x02', 'responder_key_distribution': b'\x01'}
[DEBUG]: Receive Packet:
 {'code': 3, 'cfm_value': b'\xe7{\x9e\x8fg<\xa8\xa0\xdf\xd3\xd9\xd1;\x19\xc1\xff'}
[DEBUG]: Receive Packet:
 {'code': 4, 'random_value': b'?*\x899\xefF\x00vz6F]E\x9d\xbdX'}
[DEBUG]: Receive Packet:
 {'code': 6, 'long_term_key': b'\x8c\x0e\xf9/\xb8\xf1\xc1\x1b\xeb,\xa4?b\xf9;('}
[DEBUG]: Receive Packet:
 {'code': 7, 'ediv': b'?*', 'random_value': b'\x899\xefF\x00vz6'}
[DEBUG]: Found new state


**Find States: 1**
**Find Bugs: 0**
2023-09-25 20:11:08
---------------------Round 2---------------------
[DEBUG]: Chosen State:
 state_0
---------------------Round 3---------------------
[DEBUG]: Chosen State:
 receive_pairing_random_state
[DEBUG]: Mutation Vector:
 {1: {}, 2: {}, 3: {}, 4: {}, 5: {}, 6: {}, 7: {}, 8: {}, 9: {}, 10: {}, 11: {}, 12: {}, 13: {0: b'\x94H\x9b\x02\xabB\x06\xc6\xa5\xed\xd4X\xf9r\x9d\x82'}, 14: {}}
[DEBUG]: Receive Packet:
 {'code': 2, 'io_capability': b'\x03', 'oob_data_flags': b'\x00', 'authreq': b'\x01', 'max_enc_key_size': b'\x10', 'initiator_key_distribution': b'\x02', 'responder_key_distribution': b'\x01'}
[DEBUG]: Receive Packet:
 {'code': 3, 'cfm_value': b'6\xa0\xa3&.a;\x98\xb2B\xb9\x98>\x8b\x0b\xe6'}
[DEBUG]: Receive Packet:
 {'code': 4, 'random_value': b'5\xf7\xe2k\xad\x7f\xf3>h\xc8f}\x9bC&?'}
[DEBUG]: Receive Packet:
 {'code': 6, 'long_term_key': b'\xd2\x03a\x13\x86\xb4\xe4\x15i\xffq#\x08\xfdt('}
[DEBUG]: Receive Packet:
 {'code': 7, 'ediv': b'5\xf7', 'random_value': b'\xe2k\xad\x7f\xf3>h\xc8'}
**Find States: 1**
**Find Bugs: 0**
2023-09-25 20:11:23
---------------------Round 4---------------------
[DEBUG]: Chosen State:
 state_0
---------------------Round 5---------------------
[DEBUG]: Chosen State:
 state_0
---------------------Round 6---------------------
[DEBUG]: Chosen State:
 not_pair_state
[DEBUG]: Mutation Vector:
 {1: {3: b'\x11'}, 2: {}, 3: {}, 4: {}, 5: {}, 6: {}, 7: {}, 8: {}, 9: {}, 10: {}, 11: {}, 12: {}, 13: {}, 14: {}}
[DEBUG]: Receive Packet:
 {'code': 2, 'io_capability': b'\x03', 'oob_data_flags': b'\x00', 'authreq': b'\x01', 'max_enc_key_size': b'\x10', 'initiator_key_distribution': b'\x02', 'responder_key_distribution': b'\x01'}
[DEBUG]: Found new state


**Find States: 2**
**Find Bugs: 0**
2023-09-25 20:11:38
---------------------Round 7---------------------
[DEBUG]: Chosen State:
 state_0
---------------------Round 8---------------------
[DEBUG]: Chosen State:
 state_1
[DEBUG]: Mutation Vector:
 {1: {3: b'\x11'}, 2: {}, 3: {}, 4: {}, 5: {}, 6: {}, 7: {}, 8: {}, 9: {}, 10: {}, 11: {}, 12: {0: b';\xc3c\xcc\x11\x8e<\x96\x9dY\x92\x8c\xbaD\x8e\xd8\x16\xf4F\x14c\xec\x1e\x9f\xd3U]\xea\xa8\xd0\xaeT\t\xc2/6J\xcdCC\xb4\xe6\xf6\xdf}\x02\\P\x97\n\xc6~\xfc+5A\xdfV\xb1sd\x01\xfd;'}, 13: {}, 14: {}}
[DEBUG]: Receive Packet:
 {'code': 2, 'io_capability': b'\x03', 'oob_data_flags': b'\x00', 'authreq': b'\x01', 'max_enc_key_size': b'\x10', 'initiator_key_distribution': b'\x02', 'responder_key_distribution': b'\x01'}
[DEBUG]: Receive Packet:
 {'code': 3, 'cfm_value': b'\x89a\x1f\x8c\x91\x80\x1dKH\x84\xf0V+\xab\xf1\x90'}
[DEBUG]: Found new state


[DEBUG]: Receive Packet:
 {'code': 4, 'random_value': b'6\x835*\x1aj\x87x\x1d\x81\x11\t\xac\x0e\x1c\x0c'}
[DEBUG]: Found new state


**Find States: 4**
**Find Bugs: 0**
2023-09-25 20:11:54
---------------------Round 9---------------------
[DEBUG]: Chosen State:
 state_1
[DEBUG]: Mutation Vector:
 {1: {3: b'\x11'}, 2: {}, 3: {}, 4: {}, 5: {}, 6: {}, 7: {}, 8: {}, 9: {}, 10: {}, 11: {}, 12: {0: b';\xc3c\xcc\x11\x8e<\x96\x9dY\x92\x8c\xbaD\x8e\xd8\x16\xf4F\x14c\xec\x1e\x9f\xd3U]\xea\xa8\xd0\xaeT\t\xc2/6J\xcdCC\xb4\xe6\xf6\xdf}\x02\\P\x97\n\xc6~\xfc+5A\xdfV\xb1sd\x01\xfd;'}, 13: {}, 14: {}}
[DEBUG]: Receive Packet:
 {'code': 2, 'io_capability': b'\x03', 'oob_data_flags': b'\x00', 'authreq': b'\x01', 'max_enc_key_size': b'\x10', 'initiator_key_distribution': b'\x02', 'responder_key_distribution': b'\x01'}
[DEBUG]: Receive Packet:
 {'code': 3, 'cfm_value': b'\xad\xf1#\xfc4\xe93c\x06\xc9\xa0\xae\xe01\xe2\xb9'}
[DEBUG]: Receive Packet:
 {'code': 4, 'random_value': b'\x06\xe4\x8e#\xe1)\xd80\x88\x92*~\x04\xec\xf5\r'}
**Find States: 4**
**Find Bugs: 0**
2023-09-25 20:12:09
---------------------Round 10---------------------
[DEBUG]: Chosen State:
 state_2
[DEBUG]: Mutation Vector:
 {1: {3: b'\x11'}, 2: {}, 3: {}, 4: {0: b"5<\x12Cb'\xe3\x80\x11\xac\t\xc23\xd4o\xff"}, 5: {}, 6: {}, 7: {}, 8: {}, 9: {}, 10: {}, 11: {}, 12: {0: b';\xc3c\xcc\x11\x8e<\x96\x9dY\x92\x8c\xbaD\x8e\xd8\x16\xf4F\x14c\xec\x1e\x9f\xd3U]\xea\xa8\xd0\xaeT\t\xc2/6J\xcdCC\xb4\xe6\xf6\xdf}\x02\\P\x97\n\xc6~\xfc+5A\xdfV\xb1sd\x01\xfd;'}, 13: {}, 14: {}}
[DEBUG]: Receive Packet:
 {'code': 2, 'io_capability': b'\x03', 'oob_data_flags': b'\x00', 'authreq': b'\x01', 'max_enc_key_size': b'\x10', 'initiator_key_distribution': b'\x02', 'responder_key_distribution': b'\x01'}
[DEBUG]: Receive Packet:
 {'code': 3, 'cfm_value': b'\\\x91\\\xaeC2\xfd4\x96J\xda\x94\xee\xc8|\xd7'}
**Find States: 4**
**Find Bugs: 0**
2023-09-25 20:12:24
---------------------Round 11---------------------
[DEBUG]: Chosen State:
 receive_pairing_confirm_state
[DEBUG]: Mutation Vector:
 {1: {}, 2: {}, 3: {}, 4: {0: b'\x05\xc8\xc1\xf6d\xd6\xcbd\xa7/\xfa\xf7:t\xbb\x15'}, 5: {}, 6: {}, 7: {}, 8: {}, 9: {}, 10: {}, 11: {}, 12: {}, 13: {}, 14: {}}
[DEBUG]: Receive Packet:
 {'code': 2, 'io_capability': b'\x03', 'oob_data_flags': b'\x00', 'authreq': b'\x01', 'max_enc_key_size': b'\x10', 'initiator_key_distribution': b'\x02', 'responder_key_distribution': b'\x01'}
[DEBUG]: Receive Packet:
 {'code': 3, 'cfm_value': b'J]j:\xe3WJ\xf1\xa2\xaa\x84\xca\x9d\x8f\xea\x08'}
[ERROR]:  pop from empty list
**Find States: 4**
**Find Bugs: 0**
2023-09-25 20:12:39
---------------------Round 12---------------------
[DEBUG]: Chosen State:
 receive_pairing_confirm_state
[DEBUG]: Mutation Vector:
 {1: {}, 2: {}, 3: {}, 4: {0: b'\xc8\x05\xf6\xc1\xd6dd\xcb/\xa7\xf7\xfat:\x16\xbb'}, 5: {}, 6: {}, 7: {}, 8: {}, 9: {}, 10: {}, 11: {}, 12: {}, 13: {}, 14: {}}
[DEBUG]: Receive Packet:
 {'code': 2, 'io_capability': b'\x03', 'oob_data_flags': b'\x00', 'authreq': b'\x01', 'max_enc_key_size': b'\x10', 'initiator_key_distribution': b'\x02', 'responder_key_distribution': b'\x01'}
[DEBUG]: Receive Packet:
 {'code': 3, 'cfm_value': b'N\x14}K:~\xc4T\xcc\xc9\x153(\x83\xaa['}
[ERROR]:  pop from empty list
**Find States: 4**
**Find Bugs: 0**
2023-09-25 20:12:54
---------------------Round 13---------------------
[DEBUG]: Chosen State:
 final_state
---------------------Round 14---------------------
[DEBUG]: Chosen State:
 state_3
[DEBUG]: Mutation Vector:
 {1: {3: b'\x11'}, 2: {}, 3: {}, 4: {}, 5: {}, 6: {}, 7: {}, 8: {}, 9: {}, 10: {}, 11: {}, 12: {0: b';\xc3c\xcc\x11\x8e<\x96\x9dY\x92\x8c\xbaD\x8e\xd8\x16\xf4F\x14c\xec\x1e\x9f\xd3U]\xea\xa8\xd0\xaeT\t\xc2/6J\xcdCC\xb4\xe6\xf6\xdf}\x02\\P\x97\n\xc6~\xfc+5A\xdfV\xb1sd\x01\xfd;'}, 13: {0: b'\xac\r+^\x80|\x06p\x0f(./\x8ds\xa4\xf4'}, 14: {}}
[DEBUG]: Receive Packet:
 {'code': 2, 'io_capability': b'\x03', 'oob_data_flags': b'\x00', 'authreq': b'\x01', 'max_enc_key_size': b'\x10', 'initiator_key_distribution': b'\x02', 'responder_key_distribution': b'\x01'}
[DEBUG]: Receive Packet:
 {'code': 3, 'cfm_value': b'\xaa\xb9\xb4\xd3\xd1Z^7\x13\xdfoI45\x00\x8f'}
[DEBUG]: Receive Packet:
 {'code': 4, 'random_value': b'\xda\xdf\xd4A\xee\xd3s`\x11q\xda\x00\x90\x91~P'}
[DEBUG]: Found new state


**Find States: 5**
**Find Bugs: 0**
2023-09-25 20:13:10
---------------------Round 15---------------------
[DEBUG]: Chosen State:
 receive_pairing_rsp_state
[DEBUG]: Mutation Vector:
 {1: {}, 2: {}, 3: {}, 4: {}, 5: {}, 6: {}, 7: {}, 8: {}, 9: {}, 10: {}, 11: {}, 12: {0: b';\xc3c\xcc\x11\x8e<\x96\x9dY\x92\x8c\xbaD\x8e\xd8\x16\xf4F\x14c\xec\x1e\x9f\xd3U]\xea\xa8\xd0\xaeT\t\xc2/6J\xcdCC\xb4\xe6\xf6\xdf}\x02\\P\x97\n\xc6~\xfc+5A\xdfV\xb1sd\x01\xfd:'}, 13: {}, 14: {}}
[DEBUG]: Receive Packet:
 {'code': 2, 'io_capability': b'\x03', 'oob_data_flags': b'\x00', 'authreq': b'\x01', 'max_enc_key_size': b'\x10', 'initiator_key_distribution': b'\x02', 'responder_key_distribution': b'\x01'}
[DEBUG]: Receive Packet:
 {'code': 3, 'cfm_value': b'\x7f-\xffCXc%\x98\x1a\xb7\xdd\x98Cs?\x97'}
[DEBUG]: Found new state


[DEBUG]: Receive Packet:
 {'code': 4, 'random_value': b'\x06\xc9\x9d\x1d\xe1\xaa\xf5P\x88{\xde\x0b\x04!\x8ej'}
[DEBUG]: Found new state


**Find States: 7**
**Find Bugs: 0**
2023-09-25 20:13:25
---------------------Round 16---------------------
[DEBUG]: Chosen State:
 state_4
[DEBUG]: Mutation Vector:
 {1: {3: b'\x11'}, 2: {}, 3: {}, 4: {}, 5: {}, 6: {}, 7: {}, 8: {}, 9: {}, 10: {}, 11: {}, 12: {0: b';\xc3c\xcc\x11\x8e<\x96\x9dY\x92\x8c\xbaD\x8e\xd8\x16\xf4F\x14c\xec\x1e\x9f\xd3U]\xea\xa8\xd0\xaeT\t\xc2/6J\xcdCC\xb4\xe6\xf6\xdf}\x02\\P\x97\n\xc6~\xfc+5A\xdfV\xb1sd\x01\xfd;'}, 13: {0: b'\x94H\x9b\x02\xabB\x06\xc6\xa5\xed\xd4X\xf9r\x9d\x83'}, 14: {}}
[DEBUG]: Receive Packet:
 {'code': 2, 'io_capability': b'\x03', 'oob_data_flags': b'\x00', 'authreq': b'\x01', 'max_enc_key_size': b'\x10', 'initiator_key_distribution': b'\x02', 'responder_key_distribution': b'\x01'}
[DEBUG]: Receive Packet:
 {'code': 3, 'cfm_value': b'V~\x1b\xb7\xb6\xc1;5\xa1\x04uG3\xdcB\xb9'}
[DEBUG]: Receive Packet:
 {'code': 4, 'random_value': b'\xa1b\xdc\x1a\xa9$i?\xc4\x0b_R\xc7\xf9\x88\x06'}
[DEBUG]: Receive Packet:
 {'code': 6, 'long_term_key': b'\xde3L\\\xa2\xd1\xf3\x7f\xe5\xc7\xdf^\xd4!1u'}
[DEBUG]: Found new state


**Find States: 8**
**Find Bugs: 0**
2023-09-25 20:13:40
---------------------Round 17---------------------
[DEBUG]: Chosen State:
 state_7
---------------------Round 18---------------------
[DEBUG]: Chosen State:
 state_6
[DEBUG]: Mutation Vector:
 {1: {}, 2: {}, 3: {}, 4: {}, 5: {}, 6: {}, 7: {}, 8: {}, 9: {}, 10: {}, 11: {}, 12: {0: b';\xc3c\xcc\x11\x8e<\x96\x9dY\x92\x8c\xbaD\x8e\xd8\x16\xf4F\x14c\xec\x1e\x9f\xd3U]\xea\xa8\xd0\xaeT\t\xc2/6J\xcdCC\xb4\xe6\xf6\xdf}\x02\\P\x97\n\xc6~\xfc+5A\xdfV\xb1sd\x01\xfd:'}, 13: {0: b'\x94H\x9b\x02\xabB\x06\xc6\xa5\xed\xd4X\xf9r\x9d\x84'}, 14: {}}
[DEBUG]: Receive Packet:
 {'code': 2, 'io_capability': b'\x03', 'oob_data_flags': b'\x00', 'authreq': b'\x01', 'max_enc_key_size': b'\x10', 'initiator_key_distribution': b'\x02', 'responder_key_distribution': b'\x01'}
[DEBUG]: Receive Packet:
 {'code': 3, 'cfm_value': b'\xe7\xf2.\xfb5\x08\xec@Rj\x05\xdbyc\xa6/'}
[DEBUG]: Receive Packet:
 {'code': 4, 'random_value': b'I)xF1\xea3\x15\x8c\xe0m\r\xef\x82^\x0b'}
[DEBUG]: Found new state


**Find States: 9**
**Find Bugs: 0**
2023-09-25 20:13:56
---------------------Round 19---------------------
[DEBUG]: Chosen State:
 state_0
---------------------Round 20---------------------
[DEBUG]: Chosen State:
 state_3
[DEBUG]: Mutation Vector:
 {1: {3: b'\x11'}, 2: {}, 3: {}, 4: {}, 5: {}, 6: {}, 7: {}, 8: {}, 9: {}, 10: {}, 11: {}, 12: {0: b';\xc3c\xcc\x11\x8e<\x96\x9dY\x92\x8c\xbaD\x8e\xd8\x16\xf4F\x14c\xec\x1e\x9f\xd3U]\xea\xa8\xd0\xaeT\t\xc2/6J\xcdCC\xb4\xe6\xf6\xdf}\x02\\P\x97\n\xc6~\xfc+5A\xdfV\xb1sd\x01\xfd;'}, 13: {0: b'\xc3\x0f\xca\xecR\x83>\xdd2\xb3@\xe00\xd4\xf21'}, 14: {}}
[DEBUG]: Receive Packet:
 {'code': 2, 'io_capability': b'\x03', 'oob_data_flags': b'\x00', 'authreq': b'\x01', 'max_enc_key_size': b'\x10', 'initiator_key_distribution': b'\x02', 'responder_key_distribution': b'\x01'}
[DEBUG]: Receive Packet:
 {'code': 3, 'cfm_value': b'>_\xbf\x8d\x00E2\xcf\xf5+\x1e\xe6z\x14\xba\x00'}
[DEBUG]: Receive Packet:
 {'code': 4, 'random_value': b'\xaa\xb5\xfdh\xb5d\xbfM|;\x8dT\xe83*\x06'}
**Find States: 9**
**Find Bugs: 0**
2023-09-25 20:14:11
---------------------Round 21---------------------
[DEBUG]: Chosen State:
 receive_pairing_public_key_state
[DEBUG]: Mutation Vector:
 {1: {}, 2: {}, 3: {}, 4: {0: b'\xc8\x05\xf6\xc1\xd6dd\xcb/\xa7\xf7\xfat:\x16\xbb'}, 5: {}, 6: {}, 7: {}, 8: {}, 9: {}, 10: {}, 11: {}, 12: {}, 13: {}, 14: {}}
[DEBUG]: Receive Packet:
 {'code': 2, 'io_capability': b'\x03', 'oob_data_flags': b'\x00', 'authreq': b'\x01', 'max_enc_key_size': b'\x10', 'initiator_key_distribution': b'\x02', 'responder_key_distribution': b'\x01'}
[DEBUG]: Receive Packet:
 {'code': 3, 'cfm_value': b'h{\xc7\x84\x19U\xe8,\xda\x0cx\x9e\xc9>k\xa4'}
**Find States: 9**
**Find Bugs: 0**
2023-09-25 20:14:27
---------------------Round 22---------------------
[DEBUG]: Chosen State:
 final_state
---------------------Round 23---------------------
[DEBUG]: Chosen State:
 not_pair_state
[DEBUG]: Mutation Vector:
 {1: {0: b'\x04'}, 2: {}, 3: {}, 4: {}, 5: {}, 6: {}, 7: {}, 8: {}, 9: {}, 10: {}, 11: {}, 12: {}, 13: {}, 14: {}}
[DEBUG]: Receive Packet:
 {'code': 2, 'io_capability': b'\x03', 'oob_data_flags': b'\x00', 'authreq': b'\x01', 'max_enc_key_size': b'\x10', 'initiator_key_distribution': b'\x02', 'responder_key_distribution': b'\x01'}
**Find States: 9**
**Find Bugs: 0**
2023-09-25 20:14:42
---------------------Round 24---------------------
[DEBUG]: Chosen State:
 state_8
[DEBUG]: Mutation Vector:
 {1: {}, 2: {}, 3: {}, 4: {}, 5: {}, 6: {}, 7: {}, 8: {}, 9: {}, 10: {}, 11: {}, 12: {0: b';\xc3c\xcc\x11\x8e<\x96\x9dY\x92\x8c\xbaD\x8e\xd8\x16\xf4F\x14c\xec\x1e\x9f\xd3U]\xea\xa8\xd0\xaeT\t\xc2/6J\xcdCC\xb4\xe6\xf6\xdf}\x02\\P\x97\n\xc6~\xfc+5A\xdfV\xb1sd\x01\xfd:'}, 13: {0: b'\x94H\x9b\x02\xabB\x06\xc6\xa5\xed\xd4X\xf9r\x9d\x84'}, 14: {}}
[DEBUG]: Receive Packet:
 {'code': 2, 'io_capability': b'\x03', 'oob_data_flags': b'\x00', 'authreq': b'\x01', 'max_enc_key_size': b'\x10', 'initiator_key_distribution': b'\x02', 'responder_key_distribution': b'\x01'}
[DEBUG]: Receive Packet:
 {'code': 3, 'cfm_value': b'\xcd\t;\x1d\x08^\x8c\xcaq\x11}\xf2\x88?\xe9\x97'}
[DEBUG]: Receive Packet:
 {'code': 4, 'random_value': b'\xf7\xb6mBGA\x80p\x92\xd4\x0c4}=\n.'}
[DEBUG]: Receive Packet:
 {'code': 6, 'long_term_key': b'\x84u8\x18PY\xf0kC\x1a.K\xda\xd7V\x02'}
[DEBUG]: Found new state


**Find States: 10**
**Find Bugs: 0**
2023-09-25 20:14:57
---------------------Round 25---------------------
[DEBUG]: Chosen State:
 state_2
[DEBUG]: Mutation Vector:
 {1: {3: b'\x11'}, 2: {}, 3: {}, 4: {0: b'\x05\xc8\xc1\xf6d\xd6\xcbd\xa7/\xfa\xf7:t\xbb\t'}, 5: {}, 6: {}, 7: {}, 8: {}, 9: {}, 10: {}, 11: {}, 12: {0: b';\xc3c\xcc\x11\x8e<\x96\x9dY\x92\x8c\xbaD\x8e\xd8\x16\xf4F\x14c\xec\x1e\x9f\xd3U]\xea\xa8\xd0\xaeT\t\xc2/6J\xcdCC\xb4\xe6\xf6\xdf}\x02\\P\x97\n\xc6~\xfc+5A\xdfV\xb1sd\x01\xfd;'}, 13: {}, 14: {}}
[DEBUG]: Receive Packet:
 {'code': 2, 'io_capability': b'\x03', 'oob_data_flags': b'\x00', 'authreq': b'\x01', 'max_enc_key_size': b'\x10', 'initiator_key_distribution': b'\x02', 'responder_key_distribution': b'\x01'}
[DEBUG]: Receive Packet:
 {'code': 3, 'cfm_value': b'>_\xbf\x8d\x00E2\xcf\xf5+\x1e\xe6z\x14\xba\x00'}
**Find States: 10**
**Find Bugs: 0**
2023-09-25 20:15:13
---------------------Round 26---------------------
[DEBUG]: Chosen State:
 state_4
[DEBUG]: Mutation Vector:
 {1: {3: b'\x11'}, 2: {}, 3: {}, 4: {}, 5: {}, 6: {}, 7: {}, 8: {}, 9: {}, 10: {}, 11: {}, 12: {0: b';\xc3c\xcc\x11\x8e<\x96\x9dY\x92\x8c\xbaD\x8e\xd8\x16\xf4F\x14c\xec\x1e\x9f\xd3U]\xea\xa8\xd0\xaeT\t\xc2/6J\xcdCC\xb4\xe6\xf6\xdf}\x02\\P\x97\n\xc6~\xfc+5A\xdfV\xb1sd\x01\xfd;'}, 13: {0: b'\x94HI\x02\xabB\x06\xc6\xa5\xed\xd4X\xf9r\x9d\x83'}, 14: {}}
[DEBUG]: Receive Packet:
 {'code': 2, 'io_capability': b'\x03', 'oob_data_flags': b'\x00', 'authreq': b'\x01', 'max_enc_key_size': b'\x10', 'initiator_key_distribution': b'\x02', 'responder_key_distribution': b'\x01'}
[DEBUG]: Receive Packet:
 {'code': 3, 'cfm_value': b'\xf6!\x07\x0bD\x02\xa3\xefX\xb6\xc28\x84RXd'}
[DEBUG]: Receive Packet:
 {'code': 4, 'random_value': b'\x1b\xf6\x86F\xd2B8{a\xc7\x179i\x8a\xe5c'}
[DEBUG]: Receive Packet:
 {'code': 6, 'long_term_key': b'\x84G\x1a\x02\x87\xea\xf5[\x9erNHb\t\x87t'}
**Find States: 10**
**Find Bugs: 0**
2023-09-25 20:15:28
---------------------Round 27---------------------
[DEBUG]: Chosen State:
 receive_pairing_rsp_state
[DEBUG]: Mutation Vector:
 {1: {}, 2: {}, 3: {}, 4: {}, 5: {}, 6: {}, 7: {}, 8: {}, 9: {}, 10: {}, 11: {}, 12: {0: b';\xc3c\xcc\x11\x8e<\x96\x9dY\x92\x8c\xbaD\x8e\xd8\x16\xf4F\x14c\xec\x1e\x9f\xd3U]\xea\xa8\xd0\xaeT\t\xc2/6J\xcdCC\xb4\xe6\xf6\xdf}\x02\\P\x97\n\xc6~\xfc+5A\xdfV\xb1sd\x01\xfd<'}, 13: {}, 14: {}}
[ERROR]:  pop from empty list
**Find States: 10**
**Find Bugs: 0**
2023-09-25 20:15:43
---------------------Round 28---------------------
[DEBUG]: Chosen State:
 not_pair_state
[DEBUG]: Mutation Vector:
 {1: {2: b'-'}, 2: {}, 3: {}, 4: {}, 5: {}, 6: {}, 7: {}, 8: {}, 9: {}, 10: {}, 11: {}, 12: {}, 13: {}, 14: {}}
**Find States: 10**
**Find Bugs: 0**
2023-09-25 20:15:58
---------------------Round 29---------------------
[DEBUG]: Chosen State:
 receive_pairing_rsp_state
[DEBUG]: Mutation Vector:
 {1: {}, 2: {}, 3: {}, 4: {}, 5: {}, 6: {}, 7: {}, 8: {}, 9: {}, 10: {}, 11: {}, 12: {0: b';\xc3c\xcc\x11\x8e<\x96\x9dY\x92\x8c\xbaD\x8e\xd8\x16\xf4F\x14c\xec\x1e\x9f\xd3U]\xea\xa8\xd0\xaeT\t\xc2/6J\xcdCC\xb4\xe6\xf6\xdf}\x02\\P\x97\n\xc6~\xfc+5A\xdfV\xb1sd\x01S;'}, 13: {}, 14: {}}
[ERROR]:  pop from empty list
**Find States: 10**
**Find Bugs: 0**
2023-09-25 20:16:14
---------------------Round 30---------------------
[DEBUG]: Chosen State:
 receive_pairing_random_state
[DEBUG]: Mutation Vector:
 {1: {}, 2: {}, 3: {}, 4: {}, 5: {}, 6: {}, 7: {}, 8: {}, 9: {}, 10: {}, 11: {}, 12: {}, 13: {0: b'g\x85HP\xaf\xd4\xd5\x91\xe1H\xd1\xf5\xf1E\xf2p'}, 14: {}}
[DEBUG]: Receive Packet:
 {'code': 2, 'io_capability': b'\x03', 'oob_data_flags': b'\x00', 'authreq': b'\x01', 'max_enc_key_size': b'\x10', 'initiator_key_distribution': b'\x02', 'responder_key_distribution': b'\x01'}
[DEBUG]: Receive Packet:
 {'code': 3, 'cfm_value': b'\x07\x1cOxO\xb5\x88\xe2\x08\\\x9e\xc9\xb0w\xe7\xb9'}
[DEBUG]: Receive Packet:
 {'code': 4, 'random_value': b'7\x8b\xa1\x13\xbeG\xa0X-\xc4\x0f\x11EUJ9'}
[DEBUG]: Receive Packet:
 {'code': 6, 'long_term_key': b'\xc0\xd3\xb1A\x13\xe8\x9eN\n\xa9\xbc\x02^\x1d\x91m'}
[DEBUG]: Receive Packet:
 {'code': 7, 'ediv': b'7\x8b', 'random_value': b'\xa1\x13\xbeG\xa0X-\xc4'}
**Find States: 10**
**Find Bugs: 0**
2023-09-25 20:16:29
---------------------Round 31---------------------
[DEBUG]: Chosen State:
 state_9
---------------------Round 32---------------------
[DEBUG]: Chosen State:
 state_3
[DEBUG]: Mutation Vector:
 {1: {3: b'\x11'}, 2: {}, 3: {}, 4: {}, 5: {}, 6: {}, 7: {}, 8: {}, 9: {}, 10: {}, 11: {}, 12: {0: b';\xc3c\xcc\x11\x8e<\x96\x9dY\x92\x8c\xbaD\x8e\xd8\x16\xf4F\x14c\xec\x1e\x9f\xd3U]\xea\xa8\xd0\xaeT\t\xc2/6J\xcdCC\xb4\xe6\xf6\xdf}\x02\\P\x97\n\xc6~\xfc+5A\xdfV\xb1sd\x01\xfd;'}, 13: {0: b'\x94H\x9b\x02\xabB\x06\xc6\xa5\xed\xd4X\xf9r\x9d\x84'}, 14: {}}
[DEBUG]: Receive Packet:
 {'code': 2, 'io_capability': b'\x03', 'oob_data_flags': b'\x00', 'authreq': b'\x01', 'max_enc_key_size': b'\x10', 'initiator_key_distribution': b'\x02', 'responder_key_distribution': b'\x01'}
[DEBUG]: Receive Packet:
 {'code': 3, 'cfm_value': b'[%\x93,\xab\xbd\xe8\x80\xd7"\xc4\x05\x01e\xbc\x88'}
[DEBUG]: Receive Packet:
 {'code': 4, 'random_value': b":x\x13\x1d\x05\x1c\xab'L\x8b!#x\x8f\x816"}
**Find States: 10**
**Find Bugs: 0**
2023-09-25 20:16:44
---------------------Round 33---------------------
[DEBUG]: Chosen State:
 receive_pairing_random_state
[DEBUG]: Mutation Vector:
 {1: {}, 2: {}, 3: {}, 4: {}, 5: {}, 6: {}, 7: {}, 8: {}, 9: {}, 10: {}, 11: {}, 12: {}, 13: {0: b'\x94H\x9b\x02\xabB\x06\xc6\xa5\xed\xd4X\xf9r\x9d\x82'}, 14: {}}
[DEBUG]: Receive Packet:
 {'code': 2, 'io_capability': b'\x03', 'oob_data_flags': b'\x00', 'authreq': b'\x01', 'max_enc_key_size': b'\x10', 'initiator_key_distribution': b'\x02', 'responder_key_distribution': b'\x01'}
[DEBUG]: Receive Packet:
 {'code': 3, 'cfm_value': b'\x15W\xa8\xba\xb1\xaaP\\9S\xc2\xb8d\x10\xbd\x19'}
[DEBUG]: Receive Packet:
 {'code': 4, 'random_value': b'\x03\xd4\xd2P\x9an\x92\x04i\x0c\xfa\x11\xd1^u\x19'}
[DEBUG]: Receive Packet:
 {'code': 6, 'long_term_key': b',\xf6\xae9\x0fxk\x11fO\xb9\x0c\x8a\xfa\xfb/'}
[DEBUG]: Receive Packet:
 {'code': 7, 'ediv': b'\x03\xd4', 'random_value': b'\xd2P\x9an\x92\x04i\x0c'}
**Find States: 10**
**Find Bugs: 0**
2023-09-25 20:17:00
---------------------Round 34---------------------
[DEBUG]: Chosen State:
 state_9
---------------------Round 35---------------------
[DEBUG]: Chosen State:
 state_2
[DEBUG]: Mutation Vector:
 {1: {3: b'\x11'}, 2: {}, 3: {}, 4: {0: b'\x85<V\xc2\xee/\x9c\x1co\xe9\x00\x9f\x8fN\rY'}, 5: {}, 6: {}, 7: {}, 8: {}, 9: {}, 10: {}, 11: {}, 12: {0: b';\xc3c\xcc\x11\x8e<\x96\x9dY\x92\x8c\xbaD\x8e\xd8\x16\xf4F\x14c\xec\x1e\x9f\xd3U]\xea\xa8\xd0\xaeT\t\xc2/6J\xcdCC\xb4\xe6\xf6\xdf}\x02\\P\x97\n\xc6~\xfc+5A\xdfV\xb1sd\x01\xfd;'}, 13: {}, 14: {}}
[DEBUG]: Receive Packet:
 {'code': 2, 'io_capability': b'\x03', 'oob_data_flags': b'\x00', 'authreq': b'\x01', 'max_enc_key_size': b'\x10', 'initiator_key_distribution': b'\x02', 'responder_key_distribution': b'\x01'}
[DEBUG]: Receive Packet:
 {'code': 3, 'cfm_value': b'\x0b\xb5r\xd9bx2\xdd\xce\x18\xe3\x1e>\x94\x0c2'}
**Find States: 10**
**Find Bugs: 0**
2023-09-25 20:17:15
---------------------Round 36---------------------
[DEBUG]: Chosen State:
 not_pair_state
[DEBUG]: Mutation Vector:
 {1: {0: b'\xfd'}, 2: {}, 3: {}, 4: {}, 5: {}, 6: {}, 7: {}, 8: {}, 9: {}, 10: {}, 11: {}, 12: {}, 13: {}, 14: {}}
[DEBUG]: Receive Packet:
 {'code': 2, 'io_capability': b'\x03', 'oob_data_flags': b'\x00', 'authreq': b'\x01', 'max_enc_key_size': b'\x10', 'initiator_key_distribution': b'\x02', 'responder_key_distribution': b'\x01'}
**Find States: 10**
**Find Bugs: 0**
2023-09-25 20:17:30
---------------------Round 37---------------------
[DEBUG]: Chosen State:
 receive_pairing_dhkey_check_state
---------------------Round 38---------------------
[DEBUG]: Chosen State:
 state_8
[DEBUG]: Mutation Vector:
 {1: {}, 2: {}, 3: {}, 4: {}, 5: {}, 6: {}, 7: {}, 8: {}, 9: {}, 10: {}, 11: {}, 12: {0: b';\xc3c\xcc\x11\x8e<\x96\x9dY\x92\x8c\xbaD\x8e\xd8\x16\xf4F\x14c\xec\x1e\x9f\xd3U]\xea\xa8\xd0\xaeT\t\xc2/6J\xcdCC\xb4\xe6\xf6\xdf}\x02\\P\x97\n\xc6~\xfc+5A\xdfV\xb1sd\x01\xfd:'}, 13: {0: b'\x94H\x9b\x02\xabB\x06\xc6\xa5\xed\xd4X\xf9r\x9d\x84'}, 14: {}}
[DEBUG]: Receive Packet:
 {'code': 2, 'io_capability': b'\x03', 'oob_data_flags': b'\x00', 'authreq': b'\x01', 'max_enc_key_size': b'\x10', 'initiator_key_distribution': b'\x02', 'responder_key_distribution': b'\x01'}
[DEBUG]: Receive Packet:
 {'code': 3, 'cfm_value': b'Q\xef\xf19\\v\xf9W b\xe6\xbet\xe8\xfd\x93'}
[DEBUG]: Receive Packet:
 {'code': 4, 'random_value': b'\xb8C\xc4/t\xfd\x82;\x07\x15\xd9KNU#\x1b'}
[DEBUG]: Receive Packet:
 {'code': 6, 'long_term_key': b'=\xf4\x18d\x15\xac8\x1d\x10\x8fL.#\tsa'}
**Find States: 10**
**Find Bugs: 0**
2023-09-25 20:17:46
---------------------Round 39---------------------
[DEBUG]: Chosen State:
 state_4
[DEBUG]: Mutation Vector:
 {1: {3: b'\x11'}, 2: {}, 3: {}, 4: {}, 5: {}, 6: {}, 7: {}, 8: {}, 9: {}, 10: {}, 11: {}, 12: {0: b';\xc3c\xcc\x11\x8e<\x96\x9dY\x92\x8c\xbaD\x8e\xd8\x16\xf4F\x14c\xec\x1e\x9f\xd3U]\xea\xa8\xd0\xaeT\t\xc2/6J\xcdCC\xb4\xe6\xf6\xdf}\x02\\P\x97\n\xc6~\xfc+5A\xdfV\xb1sd\x01\xfd;'}, 13: {0: b'H\x94\x02\x9bB\xab\xc6\x06\xed\xa5X\xd4r\xf9\x83\x9d'}, 14: {}}
[DEBUG]: Receive Packet:
 {'code': 2, 'io_capability': b'\x03', 'oob_data_flags': b'\x00', 'authreq': b'\x01', 'max_enc_key_size': b'\x10', 'initiator_key_distribution': b'\x02', 'responder_key_distribution': b'\x01'}
[DEBUG]: Receive Packet:
 {'code': 3, 'cfm_value': b"\xcbG/\xbf<?\x9b2'\\\xecDs\xf3\x9a\xcc"}
[DEBUG]: Receive Packet:
 {'code': 4, 'random_value': b'\x10Z\x9dG#x\xb3H\x9a_\xf5=\xae\xb8\xb6/'}
[DEBUG]: Receive Packet:
 {'code': 6, 'long_term_key': b'\xd1\xc3e\x02PM\x87,\x0f\xe1\x8e\x1e\x7f}\x02l'}
**Find States: 10**
**Find Bugs: 0**
2023-09-25 20:18:01
---------------------Round 40---------------------
[DEBUG]: Chosen State:
 receive_pairing_dhkey_check_state
---------------------Round 41---------------------
[DEBUG]: Chosen State:
 receive_pairing_public_key_state
[DEBUG]: Mutation Vector:
 {1: {}, 2: {}, 3: {}, 4: {0: b'\x05\xc8\xc1\xf6d\xd6\xcbd\xa7/\xfa\xf7:t\xbb\x15'}, 5: {}, 6: {}, 7: {}, 8: {}, 9: {}, 10: {}, 11: {}, 12: {}, 13: {}, 14: {}}
[DEBUG]: Receive Packet:
 {'code': 2, 'io_capability': b'\x03', 'oob_data_flags': b'\x00', 'authreq': b'\x01', 'max_enc_key_size': b'\x10', 'initiator_key_distribution': b'\x02', 'responder_key_distribution': b'\x01'}
[DEBUG]: Receive Packet:
 {'code': 3, 'cfm_value': b"\xf6,\x8e\xc8\x96X'u\xc2p[\x7f\xd1W*\xba"}
**Find States: 10**
**Find Bugs: 0**
2023-09-25 20:18:16
---------------------Round 42---------------------
[DEBUG]: Chosen State:
 state_5
[DEBUG]: Mutation Vector:
 {1: {}, 2: {}, 3: {}, 4: {0: b'\x05\xc8\xc1\xf6d\xd6\xcbd\xa7/\xfa\xae:t\xbb\x16'}, 5: {}, 6: {}, 7: {}, 8: {}, 9: {}, 10: {}, 11: {}, 12: {0: b';\xc3c\xcc\x11\x8e<\x96\x9dY\x92\x8c\xbaD\x8e\xd8\x16\xf4F\x14c\xec\x1e\x9f\xd3U]\xea\xa8\xd0\xaeT\t\xc2/6J\xcdCC\xb4\xe6\xf6\xdf}\x02\\P\x97\n\xc6~\xfc+5A\xdfV\xb1sd\x01\xfd:'}, 13: {}, 14: {}}
[DEBUG]: Receive Packet:
 {'code': 2, 'io_capability': b'\x03', 'oob_data_flags': b'\x00', 'authreq': b'\x01', 'max_enc_key_size': b'\x10', 'initiator_key_distribution': b'\x02', 'responder_key_distribution': b'\x01'}
[DEBUG]: Receive Packet:
 {'code': 3, 'cfm_value': b'\x03\xc8pjcl+\xdcx(\xb6a\x7f(\xf0\xe7'}
**Find States: 10**
**Find Bugs: 0**
2023-09-25 20:18:32
---------------------Round 43---------------------
[DEBUG]: Chosen State:
 final_state
---------------------Round 44---------------------
[DEBUG]: Chosen State:
 state_0
---------------------Round 45---------------------
[DEBUG]: Chosen State:
 final_state
---------------------Round 46---------------------
[DEBUG]: Chosen State:
 state_7
---------------------Round 47---------------------
[DEBUG]: Chosen State:
 state_2
[DEBUG]: Mutation Vector:
 {1: {3: b'\x11'}, 2: {}, 3: {}, 4: {0: b'\xc8\xcb\xbbd\xa7\xc1:\xf7\x16/t\xd6\xf6\x05d\xfa'}, 5: {}, 6: {}, 7: {}, 8: {}, 9: {}, 10: {}, 11: {}, 12: {0: b';\xc3c\xcc\x11\x8e<\x96\x9dY\x92\x8c\xbaD\x8e\xd8\x16\xf4F\x14c\xec\x1e\x9f\xd3U]\xea\xa8\xd0\xaeT\t\xc2/6J\xcdCC\xb4\xe6\xf6\xdf}\x02\\P\x97\n\xc6~\xfc+5A\xdfV\xb1sd\x01\xfd;'}, 13: {}, 14: {}}
[DEBUG]: Receive Packet:
 {'code': 2, 'io_capability': b'\x03', 'oob_data_flags': b'\x00', 'authreq': b'\x01', 'max_enc_key_size': b'\x10', 'initiator_key_distribution': b'\x02', 'responder_key_distribution': b'\x01'}
[DEBUG]: Receive Packet:
 {'code': 3, 'cfm_value': b'>>\x91\xb6\xe94\xffo\xa8\x1dQt6\x96\x7f3'}
**Find States: 10**
**Find Bugs: 0**
2023-09-25 20:18:47
---------------------Round 48---------------------
[DEBUG]: Chosen State:
 receive_pairing_public_key_state
[DEBUG]: Mutation Vector:
 {1: {}, 2: {}, 3: {}, 4: {0: b'\x05\xc8\xc1\xf6d\xd6\xcbd\xa7/\xfa\xf7:t\xbb\x15'}, 5: {}, 6: {}, 7: {}, 8: {}, 9: {}, 10: {}, 11: {}, 12: {}, 13: {}, 14: {}}
[DEBUG]: Receive Packet:
 {'code': 2, 'io_capability': b'\x03', 'oob_data_flags': b'\x00', 'authreq': b'\x01', 'max_enc_key_size': b'\x10', 'initiator_key_distribution': b'\x02', 'responder_key_distribution': b'\x01'}
[DEBUG]: Receive Packet:
 {'code': 3, 'cfm_value': b'\x005w\x890\xa0\xcd?\xcd\x914\xdb\xb6g\xf5.'}
**Find States: 10**
**Find Bugs: 0**
2023-09-25 20:19:02
---------------------Round 49---------------------
[DEBUG]: Chosen State:
 receive_pairing_public_key_state
[DEBUG]: Mutation Vector:
 {1: {}, 2: {}, 3: {}, 4: {0: b'\xc8\x05\xf6\xc1\xd6dd\xcb/\xa7\xf7\xfat:\x16\xbb'}, 5: {}, 6: {}, 7: {}, 8: {}, 9: {}, 10: {}, 11: {}, 12: {}, 13: {}, 14: {}}
[DEBUG]: Receive Packet:
 {'code': 2, 'io_capability': b'\x03', 'oob_data_flags': b'\x00', 'authreq': b'\x01', 'max_enc_key_size': b'\x10', 'initiator_key_distribution': b'\x02', 'responder_key_distribution': b'\x01'}
[DEBUG]: Receive Packet:
 {'code': 3, 'cfm_value': b'<\xa2\'\x94\xf5\xde\n\xd8"\xa9\x061\xad_\xf3\xd9'}
**Find States: 10**
**Find Bugs: 0**
2023-09-25 20:19:18
---------------------Round 50---------------------
[DEBUG]: Chosen State:
 state_6
[DEBUG]: Mutation Vector:
 {1: {}, 2: {}, 3: {}, 4: {}, 5: {}, 6: {}, 7: {}, 8: {}, 9: {}, 10: {}, 11: {}, 12: {0: b';\xc3c\xcc\x11\x8e<\x96\x9dY\x92\x8c\xbaD\x8e\xd8\x16\xf4F\x14c\xec\x1e\x9f\xd3U]\xea\xa8\xd0\xaeT\t\xc2/6J\xcdCC\xb4\xe6\xf6\xdf}\x02\\P\x97\n\xc6~\xfc+5A\xdfV\xb1sd\x01\xfd:'}, 13: {0: b'\x94H\x9b\x02\xabB\x06\xc6\xb3\xed\xd4X\xf9r\x9d\x83'}, 14: {}}
[DEBUG]: Receive Packet:
 {'code': 2, 'io_capability': b'\x03', 'oob_data_flags': b'\x00', 'authreq': b'\x01', 'max_enc_key_size': b'\x10', 'initiator_key_distribution': b'\x02', 'responder_key_distribution': b'\x01'}
[DEBUG]: Receive Packet:
 {'code': 3, 'cfm_value': b'\x1d!\tM\x1f:\x04\xa9\xedV\xc6\xf9Rc\x82\xcb'}
[DEBUG]: Receive Packet:
 {'code': 4, 'random_value': b'(a\x0fB$\xa6\x16\x1d7%CD\xbe\xd9Zf'}
**Find States: 10**
**Find Bugs: 0**
2023-09-25 20:19:33
---------------------Round 51---------------------
[DEBUG]: Chosen State:
 state_3
[DEBUG]: Mutation Vector:
 {1: {3: b'\x11'}, 2: {}, 3: {}, 4: {}, 5: {}, 6: {}, 7: {}, 8: {}, 9: {}, 10: {}, 11: {}, 12: {0: b';\xc3c\xcc\x11\x8e<\x96\x9dY\x92\x8c\xbaD\x8e\xd8\x16\xf4F\x14c\xec\x1e\x9f\xd3U]\xea\xa8\xd0\xaeT\t\xc2/6J\xcdCC\xb4\xe6\xf6\xdf}\x02\\P\x97\n\xc6~\xfc+5A\xdfV\xb1sd\x01\xfd;'}, 13: {0: b'\x94H\x9b\x02\xabB\x06\xc6\xa5\xed\xd4X\xf9r\x9d\x82'}, 14: {}}
[ERROR]:  pop from empty list
**Find States: 10**
**Find Bugs: 0**
2023-09-25 20:19:48
---------------------Round 52---------------------
[DEBUG]: Chosen State:
 receive_pairing_random_state
[DEBUG]: Mutation Vector:
 {1: {}, 2: {}, 3: {}, 4: {}, 5: {}, 6: {}, 7: {}, 8: {}, 9: {}, 10: {}, 11: {}, 12: {}, 13: {0: b'H\x94\x02\x9bB\xab\xc6\x06\xed\xa5X\xd4r\xf9\x83\x9d'}, 14: {}}
[ERROR]:  pop from empty list
**Find States: 10**
**Find Bugs: 0**
2023-09-25 20:20:03
---------------------Round 53---------------------
[DEBUG]: Chosen State:
 state_3
[DEBUG]: Mutation Vector:
 {1: {3: b'\x11'}, 2: {}, 3: {}, 4: {}, 5: {}, 6: {}, 7: {}, 8: {}, 9: {}, 10: {}, 11: {}, 12: {0: b';\xc3c\xcc\x11\x8e<\x96\x9dY\x92\x8c\xbaD\x8e\xd8\x16\xf4F\x14c\xec\x1e\x9f\xd3U]\xea\xa8\xd0\xaeT\t\xc2/6J\xcdCC\xb4\xe6\xf6\xdf}\x02\\P\x97\n\xc6~\xfc+5A\xdfV\xb1sd\x01\xfd;'}, 13: {0: b'\x94H\x9b\x02\xabB\x06\xc6\xa5\xed\xd4X\x85r\x9d\x83'}, 14: {}}
[ERROR]:  pop from empty list
**Find States: 10**
**Find Bugs: 0**
2023-09-25 20:20:18
---------------------Round 54---------------------
[DEBUG]: Chosen State:
 state_8
[DEBUG]: Mutation Vector:
 {1: {}, 2: {}, 3: {}, 4: {}, 5: {}, 6: {}, 7: {}, 8: {}, 9: {}, 10: {}, 11: {}, 12: {0: b';\xc3c\xcc\x11\x8e<\x96\x9dY\x92\x8c\xbaD\x8e\xd8\x16\xf4F\x14c\xec\x1e\x9f\xd3U]\xea\xa8\xd0\xaeT\t\xc2/6J\xcdCC\xb4\xe6\xf6\xdf}\x02\\P\x97\n\xc6~\xfc+5A\xdfV\xb1sd\x01\xfd:'}, 13: {0: b'\x94H\x9b\x02\xabB\x06\xc6\xa5\xed\xd4X\xf9r\x9d\x82'}, 14: {}}
[ERROR]:  pop from empty list
**Find States: 10**
**Find Bugs: 0**
2023-09-25 20:20:33
---------------------Round 55---------------------
[DEBUG]: Chosen State:
 receive_pairing_public_key_state
[DEBUG]: Mutation Vector:
 {1: {}, 2: {}, 3: {}, 4: {0: b'\x05\xc8\xc1\xf6d\xd6\xcbd\xa7/\xfa\xf7:t\xbb\x17'}, 5: {}, 6: {}, 7: {}, 8: {}, 9: {}, 10: {}, 11: {}, 12: {}, 13: {}, 14: {}}
[ERROR]:  pop from empty list
**Find States: 10**
**Find Bugs: 0**
2023-09-25 20:20:48
---------------------Round 56---------------------
[DEBUG]: Chosen State:
 state_3
[DEBUG]: Mutation Vector:
 {1: {3: b'\x11'}, 2: {}, 3: {}, 4: {}, 5: {}, 6: {}, 7: {}, 8: {}, 9: {}, 10: {}, 11: {}, 12: {0: b';\xc3c\xcc\x11\x8e<\x96\x9dY\x92\x8c\xbaD\x8e\xd8\x16\xf4F\x14c\xec\x1e\x9f\xd3U]\xea\xa8\xd0\xaeT\t\xc2/6J\xcdCC\xb4\xe6\xf6\xdf}\x02\\P\x97\n\xc6~\xfc+5A\xdfV\xb1sd\x01\xfd;'}, 13: {0: b'~\xfc\xfa!\xce\x05M\xd3\xea\xc2an\xcfy2{'}, 14: {}}
[DEBUG]: Receive Packet:
 {'code': 2, 'io_capability': b'\x03', 'oob_data_flags': b'\x00', 'authreq': b'\x01', 'max_enc_key_size': b'\x10', 'initiator_key_distribution': b'\x02', 'responder_key_distribution': b'\x01'}
[DEBUG]: Receive Packet:
 {'code': 3, 'cfm_value': b'=\xb66\x8e\xb8\xa0\x9b\xd9\x98\x00\x1ab\x0c\xd7\x95\x11'}
[DEBUG]: Receive Packet:
 {'code': 4, 'random_value': b'M\xbfeW\xe5\x01*9`\xe1\x87?3u\xa9D'}
**Find States: 10**
**Find Bugs: 0**
2023-09-25 20:21:04
---------------------Round 57---------------------
[DEBUG]: Chosen State:
 state_9
---------------------Round 58---------------------
[DEBUG]: Chosen State:
 state_2
[DEBUG]: Mutation Vector:
 {1: {3: b'\x11'}, 2: {}, 3: {}, 4: {0: b'\xc8\x05\xf6\xc1\xd6dd\xcb/\xa7\xf7\xfat:\x16\xbb'}, 5: {}, 6: {}, 7: {}, 8: {}, 9: {}, 10: {}, 11: {}, 12: {0: b';\xc3c\xcc\x11\x8e<\x96\x9dY\x92\x8c\xbaD\x8e\xd8\x16\xf4F\x14c\xec\x1e\x9f\xd3U]\xea\xa8\xd0\xaeT\t\xc2/6J\xcdCC\xb4\xe6\xf6\xdf}\x02\\P\x97\n\xc6~\xfc+5A\xdfV\xb1sd\x01\xfd;'}, 13: {}, 14: {}}
[DEBUG]: Receive Packet:
 {'code': 2, 'io_capability': b'\x03', 'oob_data_flags': b'\x00', 'authreq': b'\x01', 'max_enc_key_size': b'\x10', 'initiator_key_distribution': b'\x02', 'responder_key_distribution': b'\x01'}
[DEBUG]: Receive Packet:
 {'code': 3, 'cfm_value': b'\xceSm_\xee\xf6\xafS%Td\x7fu\x04\xd6\x11'}
**Find States: 10**
**Find Bugs: 0**
2023-09-25 20:21:19
---------------------Round 59---------------------
[DEBUG]: Chosen State:
 state_7
---------------------Round 60---------------------
[DEBUG]: Chosen State:
 final_state
---------------------Round 61---------------------
[DEBUG]: Chosen State:
 state_2
[DEBUG]: Mutation Vector:
 {1: {3: b'\x11'}, 2: {}, 3: {}, 4: {0: b'\x05\xc8\xc1\xf6d\xd6\xcbd\xa7/\xfa\xf7:t\xbb\x16'}, 5: {}, 6: {}, 7: {}, 8: {}, 9: {}, 10: {}, 11: {}, 12: {0: b';\xc3c\xcc\x11\x8e<\x96\x9dY\x92\x8c\xbaD\x8e\xd8\x16\xf4F\x14c\xec\x1e\x9f\xd3U]\xea\xa8\xd0\xaeT\t\xc2/6J\xcdCC\xb4\xe6\xf6\xdf}\x02\\P\x97\n\xc6~\xfc+5A\xdfV\xb1sd\x01\xfd;'}, 13: {}, 14: {}}
[ERROR]:  pop from empty list
**Find States: 10**
**Find Bugs: 0**
2023-09-25 20:21:34
---------------------Round 62---------------------
[DEBUG]: Chosen State:
 final_state
---------------------Round 63---------------------
[DEBUG]: Chosen State:
 state_0
---------------------Round 64---------------------
[DEBUG]: Chosen State:
 not_pair_state
[DEBUG]: Mutation Vector:
 {1: {1: b'\x01'}, 2: {}, 3: {}, 4: {}, 5: {}, 6: {}, 7: {}, 8: {}, 9: {}, 10: {}, 11: {}, 12: {}, 13: {}, 14: {}}
**Find States: 10**
**Find Bugs: 0**
2023-09-25 20:21:49
---------------------Round 65---------------------
[DEBUG]: Chosen State:
 state_0
---------------------Round 66---------------------
[DEBUG]: Chosen State:
 receive_pairing_public_key_state
[DEBUG]: Mutation Vector:
 {1: {}, 2: {}, 3: {}, 4: {0: b'\x05\xc8\xc1\xf6d\xd6\xcbd\xa7/\xfa\xf7:t\xbb\x15'}, 5: {}, 6: {}, 7: {}, 8: {}, 9: {}, 10: {}, 11: {}, 12: {}, 13: {}, 14: {}}
[ERROR]:  pop from empty list
**Find States: 10**
**Find Bugs: 0**
2023-09-25 20:22:04
---------------------Round 67---------------------
[DEBUG]: Chosen State:
 receive_pairing_public_key_state
[DEBUG]: Mutation Vector:
 {1: {}, 2: {}, 3: {}, 4: {0: b'\x05\xc8\xc1\xf6d\xd6\xcbd\xa7/\xfa\xf7:t\xbb\x15'}, 5: {}, 6: {}, 7: {}, 8: {}, 9: {}, 10: {}, 11: {}, 12: {}, 13: {}, 14: {}}
[ERROR]:  pop from empty list
**Find States: 10**
**Find Bugs: 0**
2023-09-25 20:22:19
---------------------Round 68---------------------
[DEBUG]: Chosen State:
 receive_pairing_rsp_state
[DEBUG]: Mutation Vector:
 {1: {}, 2: {}, 3: {}, 4: {}, 5: {}, 6: {}, 7: {}, 8: {}, 9: {}, 10: {}, 11: {}, 12: {0: b';\xc3c\xcc\x11\x8e<\x96\x9dY\x92\x8c\xbaD\x8e\xd8\x16\xf4F\x14c\xec\x1e\x9f\xd3U]\xea\xa8\xd0\xaeT\t\xc2/6<\xcdCC\xb4\xe6\xf6\xdf}\x02\\P\x97\n\xc6~\xfc+5A\xdfV\xb1sd\x01\xfd;'}, 13: {}, 14: {}}
[ERROR]:  pop from empty list
**Find States: 10**
**Find Bugs: 0**
2023-09-25 20:22:34
---------------------Round 69---------------------
[DEBUG]: Chosen State:
 state_6
[DEBUG]: Mutation Vector:
 {1: {}, 2: {}, 3: {}, 4: {}, 5: {}, 6: {}, 7: {}, 8: {}, 9: {}, 10: {}, 11: {}, 12: {0: b';\xc3c\xcc\x11\x8e<\x96\x9dY\x92\x8c\xbaD\x8e\xd8\x16\xf4F\x14c\xec\x1e\x9f\xd3U]\xea\xa8\xd0\xaeT\t\xc2/6J\xcdCC\xb4\xe6\xf6\xdf}\x02\\P\x97\n\xc6~\xfc+5A\xdfV\xb1sd\x01\xfd:'}, 13: {0: b'\x94H\x9b\x02\xabB\x06\xc6\xa5\xed\xd4X\xf9r\x9d\x84'}, 14: {}}
[DEBUG]: Receive Packet:
 {'code': 2, 'io_capability': b'\x03', 'oob_data_flags': b'\x00', 'authreq': b'\x01', 'max_enc_key_size': b'\x10', 'initiator_key_distribution': b'\x02', 'responder_key_distribution': b'\x01'}
[DEBUG]: Receive Packet:
 {'code': 3, 'cfm_value': b'A\xa5\x7f\xdbcn\x98ik\xa5\xaaa\x88\xe9&*'}
[DEBUG]: Receive Packet:
 {'code': 4, 'random_value': b'\x1a{\x10\x1d.n\xa25Q5B\x16\xd0\xa0\xf8\x14'}
**Find States: 10**
**Find Bugs: 0**
2023-09-25 20:22:50
---------------------Round 70---------------------
[DEBUG]: Chosen State:
 final_state
---------------------Round 71---------------------
[DEBUG]: Chosen State:
 state_7
---------------------Round 72---------------------
[DEBUG]: Chosen State:
 receive_pairing_confirm_state
[DEBUG]: Mutation Vector:
 {1: {}, 2: {}, 3: {}, 4: {0: b'\x05\xc8\xc1\xf6d\xd6\xcbd\xa7/\xfa\xf7:t\xbb\x15'}, 5: {}, 6: {}, 7: {}, 8: {}, 9: {}, 10: {}, 11: {}, 12: {}, 13: {}, 14: {}}
[DEBUG]: Receive Packet:
 {'code': 2, 'io_capability': b'\x03', 'oob_data_flags': b'\x00', 'authreq': b'\x01', 'max_enc_key_size': b'\x10', 'initiator_key_distribution': b'\x02', 'responder_key_distribution': b'\x01'}
[DEBUG]: Receive Packet:
 {'code': 3, 'cfm_value': b';$Y\xcd\xb3vcE$?&\x19\x00\xe3:\xe2'}
[ERROR]:  pop from empty list
**Find States: 10**
**Find Bugs: 0**
2023-09-25 20:23:05
---------------------Round 73---------------------
[DEBUG]: Chosen State:
 state_1
[DEBUG]: Mutation Vector:
 {1: {3: b'\x11'}, 2: {}, 3: {}, 4: {}, 5: {}, 6: {}, 7: {}, 8: {}, 9: {}, 10: {}, 11: {}, 12: {0: b';\xc3c\xcc\x11\x8e<\x96\x9dY\x92\x8c\xbaD\x8e\xd8\x16\xf4F\x14c\xec\x1e\x9f\xd3U]\xea\xa8\xd0\xaeT\t\xc2/6J\xcdCC\xb4\xe6\xf6\xdf}\x02\\P\x97\n\xc6~\xfc+5A\xdfV\xb1sd\x01\xfd<'}, 13: {}, 14: {}}
[DEBUG]: Receive Packet:
 {'code': 2, 'io_capability': b'\x03', 'oob_data_flags': b'\x00', 'authreq': b'\x01', 'max_enc_key_size': b'\x10', 'initiator_key_distribution': b'\x02', 'responder_key_distribution': b'\x01'}
[DEBUG]: Receive Packet:
 {'code': 3, 'cfm_value': b'\xedh\xc2m[\xf6z\xa3y\x81\xd6\x8e\xfe\x9a\x8c\x9e'}
[DEBUG]: Receive Packet:
 {'code': 4, 'random_value': b'$;5d\xa7eje\xbe2fe\x02\x97\xedL'}
**Find States: 10**
**Find Bugs: 0**
2023-09-25 20:23:20
---------------------Round 74---------------------
[DEBUG]: Chosen State:
 state_7
---------------------Round 75---------------------
[DEBUG]: Chosen State:
 state_0
---------------------Round 76---------------------
[DEBUG]: Chosen State:
 state_1
[DEBUG]: Mutation Vector:
 {1: {3: b'\x11'}, 2: {}, 3: {}, 4: {}, 5: {}, 6: {}, 7: {}, 8: {}, 9: {}, 10: {}, 11: {}, 12: {0: b';\xc3c\xcc\x11\x8e<\x96\x9dY\x92\x8c\xbaD\x8e\xd8\x16\xf4F\x14c\xec\x1e\x9f\xd3U]\xea\xa8\xd0\xaeT\t\xc2/6J\xcdCC\xb4\xe6\xf6\xdf}\x02\\P\x97\n\xc6~\xfc+5A\xdfV\xb1sd\x01\xfd;'}, 13: {}, 14: {}}
[ERROR]:  pop from empty list
**Find States: 10**
**Find Bugs: 0**
2023-09-25 20:23:35
---------------------Round 77---------------------
[DEBUG]: Chosen State:
 state_5
[DEBUG]: Mutation Vector:
 {1: {}, 2: {}, 3: {}, 4: {0: b'\xc8\x05\xf6\xc1\xd6dd\xcb/\xa7\xf7\xfat:\x16\xbb'}, 5: {}, 6: {}, 7: {}, 8: {}, 9: {}, 10: {}, 11: {}, 12: {0: b';\xc3c\xcc\x11\x8e<\x96\x9dY\x92\x8c\xbaD\x8e\xd8\x16\xf4F\x14c\xec\x1e\x9f\xd3U]\xea\xa8\xd0\xaeT\t\xc2/6J\xcdCC\xb4\xe6\xf6\xdf}\x02\\P\x97\n\xc6~\xfc+5A\xdfV\xb1sd\x01\xfd:'}, 13: {}, 14: {}}
[ERROR]:  pop from empty list
**Find States: 10**
**Find Bugs: 0**
2023-09-25 20:23:50
---------------------Round 78---------------------
[DEBUG]: Chosen State:
 state_7
---------------------Round 79---------------------
[DEBUG]: Chosen State:
 state_2
[DEBUG]: Mutation Vector:
 {1: {3: b'\x11'}, 2: {}, 3: {}, 4: {0: b'\x8e\x81L\xcc5\xeco[\xa1_\xefm\x06\x08]+'}, 5: {}, 6: {}, 7: {}, 8: {}, 9: {}, 10: {}, 11: {}, 12: {0: b';\xc3c\xcc\x11\x8e<\x96\x9dY\x92\x8c\xbaD\x8e\xd8\x16\xf4F\x14c\xec\x1e\x9f\xd3U]\xea\xa8\xd0\xaeT\t\xc2/6J\xcdCC\xb4\xe6\xf6\xdf}\x02\\P\x97\n\xc6~\xfc+5A\xdfV\xb1sd\x01\xfd;'}, 13: {}, 14: {}}
[ERROR]:  pop from empty list
**Find States: 10**
**Find Bugs: 0**
2023-09-25 20:24:05
---------------------Round 80---------------------
[DEBUG]: Chosen State:
 state_2
[DEBUG]: Mutation Vector:
 {1: {3: b'\x11'}, 2: {}, 3: {}, 4: {0: b'\x05\xc8\xc1\xf6d\xd6\xcbd\xa7/\xfa\xf7:t\xbb\x16'}, 5: {}, 6: {}, 7: {}, 8: {}, 9: {}, 10: {}, 11: {}, 12: {0: b';\xc3c\xcc\x11\x8e<\x96\x9dY\x92\x8c\xbaD\x8e\xd8\x16\xf4F\x14c\xec\x1e\x9f\xd3U]\xea\xa8\xd0\xaeT\t\xc2/6J\xcdCC\xb4\xe6\xf6\xdf}\x02\\P\x97\n\xc6~\xfc+5A\xdfV\xb1sd\x01\xfd;'}, 13: {}, 14: {}}
[ERROR]:  pop from empty list
**Find States: 10**
**Find Bugs: 0**
2023-09-25 20:24:20
---------------------Round 81---------------------
[DEBUG]: Chosen State:
 receive_pairing_confirm_state
[DEBUG]: Mutation Vector:
 {1: {}, 2: {}, 3: {}, 4: {0: b'\xfa/\xcbt:\x16\x05\xc8d\xf6\xc1\xbb\xd6\xf7d\xa7'}, 5: {}, 6: {}, 7: {}, 8: {}, 9: {}, 10: {}, 11: {}, 12: {}, 13: {}, 14: {}}
[DEBUG]: Receive Packet:
 {'code': 2, 'io_capability': b'\x03', 'oob_data_flags': b'\x00', 'authreq': b'\x01', 'max_enc_key_size': b'\x10', 'initiator_key_distribution': b'\x02', 'responder_key_distribution': b'\x01'}
[DEBUG]: Receive Packet:
 {'code': 3, 'cfm_value': b'\xb2%\x93a\xd7\xb5\x8a\xe2\xa4\x932\xf2\x7fL\xd7B'}
[ERROR]:  pop from empty list
**Find States: 10**
**Find Bugs: 0**
2023-09-25 20:24:35
---------------------Round 82---------------------
[DEBUG]: Chosen State:
 receive_pairing_confirm_state
[DEBUG]: Mutation Vector:
 {1: {}, 2: {}, 3: {}, 4: {0: b'\x05\xc8\xc1\xf6d\xd6\xcbd\xa7/\xfa\xf7:t\xbb\x16'}, 5: {}, 6: {}, 7: {}, 8: {}, 9: {}, 10: {}, 11: {}, 12: {}, 13: {}, 14: {}}
[DEBUG]: Receive Packet:
 {'code': 2, 'io_capability': b'\x03', 'oob_data_flags': b'\x00', 'authreq': b'\x01', 'max_enc_key_size': b'\x10', 'initiator_key_distribution': b'\x02', 'responder_key_distribution': b'\x01'}
[DEBUG]: Receive Packet:
 {'code': 3, 'cfm_value': b'\xe8\xea\x977\x80\nh\xa2t\x860\xd5U\xa8\xa9\xff'}
[ERROR]:  pop from empty list
**Find States: 10**
**Find Bugs: 0**
2023-09-25 20:24:51
---------------------Round 83---------------------
[DEBUG]: Chosen State:
 state_3
[DEBUG]: Mutation Vector:
 {1: {3: b'\x11'}, 2: {}, 3: {}, 4: {}, 5: {}, 6: {}, 7: {}, 8: {}, 9: {}, 10: {}, 11: {}, 12: {0: b';\xc3c\xcc\x11\x8e<\x96\x9dY\x92\x8c\xbaD\x8e\xd8\x16\xf4F\x14c\xec\x1e\x9f\xd3U]\xea\xa8\xd0\xaeT\t\xc2/6J\xcdCC\xb4\xe6\xf6\xdf}\x02\\P\x97\n\xc6~\xfc+5A\xdfV\xb1sd\x01\xfd;'}, 13: {0: b'\x94H\x9b\x02\xabB\x06\xc6\xa5\xed\xd4X\xf9r\x9d\x84'}, 14: {}}
[ERROR]:  pop from empty list
**Find States: 10**
**Find Bugs: 0**
2023-09-25 20:25:06
---------------------Round 84---------------------
[DEBUG]: Chosen State:
 receive_pairing_confirm_state
[DEBUG]: Mutation Vector:
 {1: {}, 2: {}, 3: {}, 4: {0: b'\x05\xc8\xc1\xf6d\xd6\xcbd\xa7/\xfa\xf7:t\xbb\x17'}, 5: {}, 6: {}, 7: {}, 8: {}, 9: {}, 10: {}, 11: {}, 12: {}, 13: {}, 14: {}}
[ERROR]:  pop from empty list
**Find States: 10**
**Find Bugs: 0**
2023-09-25 20:25:21
---------------------Round 85---------------------
[DEBUG]: Chosen State:
 final_state
---------------------Round 86---------------------
[DEBUG]: Chosen State:
 state_0
---------------------Round 87---------------------
[DEBUG]: Chosen State:
 receive_pairing_random_state
[DEBUG]: Mutation Vector:
 {1: {}, 2: {}, 3: {}, 4: {}, 5: {}, 6: {}, 7: {}, 8: {}, 9: {}, 10: {}, 11: {}, 12: {}, 13: {0: b'\x94H\x9b\x02\xabB\x06\xc6\xa5\xed\xd4X\xf9r\x9d\x82'}, 14: {}}
[ERROR]:  pop from empty list
**Find States: 10**
**Find Bugs: 0**
2023-09-25 20:25:36
---------------------Round 88---------------------
[DEBUG]: Chosen State:
 receive_pairing_public_key_state
[DEBUG]: Mutation Vector:
 {1: {}, 2: {}, 3: {}, 4: {0: b'\xc8\x05\xf6\xc1\xd6dd\xcb/\xa7\xf7\xfat:\x16\xbb'}, 5: {}, 6: {}, 7: {}, 8: {}, 9: {}, 10: {}, 11: {}, 12: {}, 13: {}, 14: {}}
[ERROR]:  pop from empty list
**Find States: 10**
**Find Bugs: 0**
2023-09-25 20:25:51
---------------------Round 89---------------------
[DEBUG]: Chosen State:
 state_0
---------------------Round 90---------------------
[DEBUG]: Chosen State:
 state_0
---------------------Round 91---------------------
[DEBUG]: Chosen State:
 state_4
[DEBUG]: Mutation Vector:
 {1: {3: b'\x11'}, 2: {}, 3: {}, 4: {}, 5: {}, 6: {}, 7: {}, 8: {}, 9: {}, 10: {}, 11: {}, 12: {0: b';\xc3c\xcc\x11\x8e<\x96\x9dY\x92\x8c\xbaD\x8e\xd8\x16\xf4F\x14c\xec\x1e\x9f\xd3U]\xea\xa8\xd0\xaeT\t\xc2/6J\xcdCC\xb4\xe6\xf6\xdf}\x02\\P\x97\n\xc6~\xfc+5A\xdfV\xb1sd\x01\xfd;'}, 13: {0: b'R\x9dA\x14_-wl\x9bq\x93>\xbc\xb7f\xa4'}, 14: {}}
[ERROR]:  pop from empty list
**Find States: 10**
**Find Bugs: 0**
2023-09-25 20:26:06
---------------------Round 92---------------------
[DEBUG]: Chosen State:
 final_state
---------------------Round 93---------------------
[DEBUG]: Chosen State:
 state_7
---------------------Round 94---------------------
[DEBUG]: Chosen State:
 state_0
---------------------Round 95---------------------
[DEBUG]: Chosen State:
 state_6
[DEBUG]: Mutation Vector:
 {1: {}, 2: {}, 3: {}, 4: {}, 5: {}, 6: {}, 7: {}, 8: {}, 9: {}, 10: {}, 11: {}, 12: {0: b';\xc3c\xcc\x11\x8e<\x96\x9dY\x92\x8c\xbaD\x8e\xd8\x16\xf4F\x14c\xec\x1e\x9f\xd3U]\xea\xa8\xd0\xaeT\t\xc2/6J\xcdCC\xb4\xe6\xf6\xdf}\x02\\P\x97\n\xc6~\xfc+5A\xdfV\xb1sd\x01\xfd:'}, 13: {0: b'\x94H\x9b\x02\xabB\x06\xc6\xa5\xed\xd4X\xf9r\x9d\x84'}, 14: {}}
[ERROR]:  pop from empty list
**Find States: 10**
**Find Bugs: 0**
2023-09-25 20:26:21
---------------------Round 96---------------------
[DEBUG]: Chosen State:
 receive_pairing_rsp_state
[DEBUG]: Mutation Vector:
 {1: {}, 2: {}, 3: {}, 4: {}, 5: {}, 6: {}, 7: {}, 8: {}, 9: {}, 10: {}, 11: {}, 12: {0: b'\xb0\r\xa9\x03M\xcd\xb3)\x1e\xf2a\xef\xe0\x8c\x08\xdd\xa5\xa14P\xd9\xe9V\xe1\x86\xaa\xb6\x93_\x8c\xd8\x16\xa1t\xa6r\xcbt\x93i\x0e\xd5\xddy\x10t\xc3\x96,\x95\xcd\xac\x13\xa9\xefo;</p\xa2\xcf^L'}, 13: {}, 14: {}}
[ERROR]:  pop from empty list
**Find States: 10**
**Find Bugs: 0**
2023-09-25 20:26:36
---------------------Round 97---------------------
[DEBUG]: Chosen State:
 state_8
[DEBUG]: Mutation Vector:
 {1: {}, 2: {}, 3: {}, 4: {}, 5: {}, 6: {}, 7: {}, 8: {}, 9: {}, 10: {}, 11: {}, 12: {0: b';\xc3c\xcc\x11\x8e<\x96\x9dY\x92\x8c\xbaD\x8e\xd8\x16\xf4F\x14c\xec\x1e\x9f\xd3U]\xea\xa8\xd0\xaeT\t\xc2/6J\xcdCC\xb4\xe6\xf6\xdf}\x02\\P\x97\n\xc6~\xfc+5A\xdfV\xb1sd\x01\xfd:'}, 13: {0: b'nK+~A\xe2\xf2VT\x0eg\xb5\x1c\xd2\xba\x88'}, 14: {}}
[ERROR]:  pop from empty list
**Find States: 10**
**Find Bugs: 0**
2023-09-25 20:26:51
---------------------Round 98---------------------
[DEBUG]: Chosen State:
 state_9
---------------------Round 99---------------------
[DEBUG]: Chosen State:
 receive_pairing_confirm_state
[DEBUG]: Mutation Vector:
 {1: {}, 2: {}, 3: {}, 4: {0: b'\x05\xc8\xc1\xf6d&\xcbd\xa7/\xfa\xf7:t\xbb\x16'}, 5: {}, 6: {}, 7: {}, 8: {}, 9: {}, 10: {}, 11: {}, 12: {}, 13: {}, 14: {}}
[ERROR]:  pop from empty list
**Find States: 10**
**Find Bugs: 0**
2023-09-25 20:27:06
---------------------Round 100---------------------
[DEBUG]: Chosen State:
 state_9
---------------------Round 101---------------------
[DEBUG]: Chosen State:
 receive_pairing_dhkey_check_state
---------------------Round 102---------------------
[DEBUG]: Chosen State:
 state_3
[DEBUG]: Mutation Vector:
 {1: {3: b'\x11'}, 2: {}, 3: {}, 4: {}, 5: {}, 6: {}, 7: {}, 8: {}, 9: {}, 10: {}, 11: {}, 12: {0: b';\xc3c\xcc\x11\x8e<\x96\x9dY\x92\x8c\xbaD\x8e\xd8\x16\xf4F\x14c\xec\x1e\x9f\xd3U]\xea\xa8\xd0\xaeT\t\xc2/6J\xcdCC\xb4\xe6\xf6\xdf}\x02\\P\x97\n\xc6~\xfc+5A\xdfV\xb1sd\x01\xfd;'}, 13: {0: b'\xed\xfa}F\x87\xb4\x97E\x15\x0e\x00\n\xfaOu$'}, 14: {}}
[DEBUG]: Receive Packet:
 {'code': 2, 'io_capability': b'\x03', 'oob_data_flags': b'\x00', 'authreq': b'\x01', 'max_enc_key_size': b'\x10', 'initiator_key_distribution': b'\x02', 'responder_key_distribution': b'\x01'}
[DEBUG]: Receive Packet:
 {'code': 3, 'cfm_value': b'\x8a:\x8aLs\xb0#\xcc\xe1z3\xac\xf1`\xe3:'}
[DEBUG]: Receive Packet:
 {'code': 4, 'random_value': b'\xd5u\xf1p\xcd)t`\x88\xcf\xc3\t;\x0c\xae}'}
**Find States: 10**
**Find Bugs: 0**
2023-09-25 20:27:21
---------------------Round 103---------------------
[DEBUG]: Chosen State:
 receive_pairing_dhkey_check_state
---------------------Round 104---------------------
[DEBUG]: Chosen State:
 final_state
---------------------Round 105---------------------
[DEBUG]: Chosen State:
 state_9
---------------------Round 106---------------------
[DEBUG]: Chosen State:
 state_9
---------------------Round 107---------------------
[DEBUG]: Chosen State:
 state_6
[DEBUG]: Mutation Vector:
 {1: {}, 2: {}, 3: {}, 4: {}, 5: {}, 6: {}, 7: {}, 8: {}, 9: {}, 10: {}, 11: {}, 12: {0: b';\xc3c\xcc\x11\x8e<\x96\x9dY\x92\x8c\xbaD\x8e\xd8\x16\xf4F\x14c\xec\x1e\x9f\xd3U]\xea\xa8\xd0\xaeT\t\xc2/6J\xcdCC\xb4\xe6\xf6\xdf}\x02\\P\x97\n\xc6~\xfc+5A\xdfV\xb1sd\x01\xfd:'}, 13: {0: b'H\x94\x02\x9bB\xab\xc6\x06\xed\xa5X\xd4r\xf9\x83\x9d'}, 14: {}}
[DEBUG]: Receive Packet:
 {'code': 2, 'io_capability': b'\x03', 'oob_data_flags': b'\x00', 'authreq': b'\x01', 'max_enc_key_size': b'\x10', 'initiator_key_distribution': b'\x02', 'responder_key_distribution': b'\x01'}
[DEBUG]: Receive Packet:
 {'code': 3, 'cfm_value': b'+\x96\x83t\xdam\xf99k\x98\xa7q\x17B\xa2\xe9'}
[DEBUG]: Receive Packet:
 {'code': 4, 'random_value': b'\xfd\xc6\x00n\x0c\x0f\x87X+o\xf8\x15k\x87\xe8r'}
**Find States: 10**
**Find Bugs: 0**
2023-09-25 20:27:37
---------------------Round 108---------------------
[DEBUG]: Chosen State:
 state_8
[DEBUG]: Mutation Vector:
 {1: {}, 2: {}, 3: {}, 4: {}, 5: {}, 6: {}, 7: {}, 8: {}, 9: {}, 10: {}, 11: {}, 12: {0: b';\xc3c\xcc\x11\x8e<\x96\x9dY\x92\x8c\xbaD\x8e\xd8\x16\xf4F\x14c\xec\x1e\x9f\xd3U]\xea\xa8\xd0\xaeT\t\xc2/6J\xcdCC\xb4\xe6\xf6\xdf}\x02\\P\x97\n\xc6~\xfc+5A\xdfV\xb1sd\x01\xfd:'}, 13: {0: b'\xc6r\x94X\xf9B\xed\x9b\x9d\xd4\xabH\x02\x06\xa5\x83'}, 14: {}}
[ERROR]:  pop from empty list
**Find States: 10**
**Find Bugs: 0**
2023-09-25 20:27:52
---------------------Round 109---------------------
[DEBUG]: Chosen State:
 state_1
[DEBUG]: Mutation Vector:
 {1: {3: b'\x11'}, 2: {}, 3: {}, 4: {}, 5: {}, 6: {}, 7: {}, 8: {}, 9: {}, 10: {}, 11: {}, 12: {0: b';\xc3c\xcc\x11\x8e<\x96\x9dY\x92\x8c\xbaD\x8e\xd8\x16\xf4F\x14c\xec\x1e\x9f\xd3U]\xea\xa8\xd0\xaeT\t\xc2/6J\xcdCC\xb4\xe6\xf6\xdf}\x02\\P\x97\n\xc6~\xfc+5A\xdfV\xb1sd\x01\xfd;'}, 13: {}, 14: {}}
[ERROR]:  pop from empty list
**Find States: 10**
**Find Bugs: 0**
2023-09-25 20:28:07
---------------------Round 110---------------------
[DEBUG]: Chosen State:
 final_state
---------------------Round 111---------------------
[DEBUG]: Chosen State:
 state_6
[DEBUG]: Mutation Vector:
 {1: {}, 2: {}, 3: {}, 4: {}, 5: {}, 6: {}, 7: {}, 8: {}, 9: {}, 10: {}, 11: {}, 12: {0: b';\xc3c\xcc\x11\x8e<\x96\x9dY\x92\x8c\xbaD\x8e\xd8\x16\xf4F\x14c\xec\x1e\x9f\xd3U]\xea\xa8\xd0\xaeT\t\xc2/6J\xcdCC\xb4\xe6\xf6\xdf}\x02\\P\x97\n\xc6~\xfc+5A\xdfV\xb1sd\x01\xfd:'}, 13: {0: b'r\x94\x9dX\xf9\xa5\x06\xc6\xd4\xed\x83\x02\xab\x9bBH'}, 14: {}}
[DEBUG]: Receive Packet:
 {'code': 2, 'io_capability': b'\x03', 'oob_data_flags': b'\x00', 'authreq': b'\x01', 'max_enc_key_size': b'\x10', 'initiator_key_distribution': b'\x02', 'responder_key_distribution': b'\x01'}
[DEBUG]: Receive Packet:
 {'code': 3, 'cfm_value': b'{\x97r\x8a\x8eZ\xcf\x13\x88\xe4\xdfT\x05t.\xc3'}
[DEBUG]: Receive Packet:
 {'code': 4, 'random_value': b'F`\x8f\x0b\xeai\x85Wm\x8d\xc2L\xbc\xac\x1e&'}
**Find States: 10**
**Find Bugs: 0**
2023-09-25 20:28:22
---------------------Round 112---------------------
[DEBUG]: Chosen State:
 state_0
---------------------Round 113---------------------
[DEBUG]: Chosen State:
 receive_pairing_confirm_state
[DEBUG]: Mutation Vector:
 {1: {}, 2: {}, 3: {}, 4: {0: b'\x05\xc8\xc1\xf6d\xd6\xcbd\xa7/\xfa\x0b:t\xbb\x16'}, 5: {}, 6: {}, 7: {}, 8: {}, 9: {}, 10: {}, 11: {}, 12: {}, 13: {}, 14: {}}
[DEBUG]: Receive Packet:
 {'code': 2, 'io_capability': b'\x03', 'oob_data_flags': b'\x00', 'authreq': b'\x01', 'max_enc_key_size': b'\x10', 'initiator_key_distribution': b'\x02', 'responder_key_distribution': b'\x01'}
[DEBUG]: Receive Packet:
 {'code': 3, 'cfm_value': b'\x04\x177\x8f\x16\xefV\xcc\x89\xf9\x9cT\xc3w\x04Q'}
[ERROR]:  pop from empty list
**Find States: 10**
**Find Bugs: 0**
2023-09-25 20:28:37
---------------------Round 114---------------------
[DEBUG]: Chosen State:
 state_1
[DEBUG]: Mutation Vector:
 {1: {3: b'\x11'}, 2: {}, 3: {}, 4: {}, 5: {}, 6: {}, 7: {}, 8: {}, 9: {}, 10: {}, 11: {}, 12: {0: b'CYc\xc2\xe6\xec\xc6F\t\x11\xc3]5\x9f\x96\xd3~/\xfcdV<\x8es\\\x14\x8e\x02\xdf6\xcdcP\xae\xb4\x97\x9d\xfd\x8c;\xba\xf6\xdf\xd8\xb1C\xf4}\x1eT\xeaJ\xd0\n\xa8\x16;AD+\x01\xcc\x92U'}, 13: {}, 14: {}}
[DEBUG]: Receive Packet:
 {'code': 2, 'io_capability': b'\x03', 'oob_data_flags': b'\x00', 'authreq': b'\x01', 'max_enc_key_size': b'\x10', 'initiator_key_distribution': b'\x02', 'responder_key_distribution': b'\x01'}
[DEBUG]: Receive Packet:
 {'code': 3, 'cfm_value': b'n\x99A\x19\xdau8\xf4+X\xf7\xf4\xcd?y{'}
[DEBUG]: Receive Packet:
 {'code': 4, 'random_value': b'\xbeD\xb0\x029h\xd6c\xa0\x14\xa3}<\xa0xB'}
**Find States: 10**
**Find Bugs: 0**
2023-09-25 20:28:53
---------------------Round 115---------------------
[DEBUG]: Chosen State:
 state_2
[DEBUG]: Mutation Vector:
 {1: {3: b'\x11'}, 2: {}, 3: {}, 4: {0: b'\x19\xaa\x8d#bu\xbc\xee\xdcP\xe0\xd1\xd5\xfdB['}, 5: {}, 6: {}, 7: {}, 8: {}, 9: {}, 10: {}, 11: {}, 12: {0: b';\xc3c\xcc\x11\x8e<\x96\x9dY\x92\x8c\xbaD\x8e\xd8\x16\xf4F\x14c\xec\x1e\x9f\xd3U]\xea\xa8\xd0\xaeT\t\xc2/6J\xcdCC\xb4\xe6\xf6\xdf}\x02\\P\x97\n\xc6~\xfc+5A\xdfV\xb1sd\x01\xfd;'}, 13: {}, 14: {}}
[DEBUG]: Receive Packet:
 {'code': 2, 'io_capability': b'\x03', 'oob_data_flags': b'\x00', 'authreq': b'\x01', 'max_enc_key_size': b'\x10', 'initiator_key_distribution': b'\x02', 'responder_key_distribution': b'\x01'}
[DEBUG]: Receive Packet:
 {'code': 3, 'cfm_value': b'\x05k\xe1q2\x10K\xd21\xf2\x9e\xd9L\xb1\x11\xae'}
**Find States: 10**
**Find Bugs: 0**
2023-09-25 20:29:08
---------------------Round 116---------------------
[DEBUG]: Chosen State:
 state_5
[DEBUG]: Mutation Vector:
 {1: {}, 2: {}, 3: {}, 4: {0: b'\xc8\x05\xf6\xc1\xd6dd\xcb/\xa7\xf7\xfat:\x16\xbb'}, 5: {}, 6: {}, 7: {}, 8: {}, 9: {}, 10: {}, 11: {}, 12: {0: b';\xc3c\xcc\x11\x8e<\x96\x9dY\x92\x8c\xbaD\x8e\xd8\x16\xf4F\x14c\xec\x1e\x9f\xd3U]\xea\xa8\xd0\xaeT\t\xc2/6J\xcdCC\xb4\xe6\xf6\xdf}\x02\\P\x97\n\xc6~\xfc+5A\xdfV\xb1sd\x01\xfd:'}, 13: {}, 14: {}}
[ERROR]:  pop from empty list
**Find States: 10**
**Find Bugs: 0**
2023-09-25 20:29:23
---------------------Round 117---------------------
[DEBUG]: Chosen State:
 state_4
[DEBUG]: Mutation Vector:
 {1: {3: b'\x11'}, 2: {}, 3: {}, 4: {}, 5: {}, 6: {}, 7: {}, 8: {}, 9: {}, 10: {}, 11: {}, 12: {0: b';\xc3c\xcc\x11\x8e<\x96\x9dY\x92\x8c\xbaD\x8e\xd8\x16\xf4F\x14c\xec\x1e\x9f\xd3U]\xea\xa8\xd0\xaeT\t\xc2/6J\xcdCC\xb4\xe6\xf6\xdf}\x02\\P\x97\n\xc6~\xfc+5A\xdfV\xb1sd\x01\xfd;'}, 13: {0: b'\x94H\xfb\x02\xabB\x06\xc6\xa5\xed\xd4X\xf9r\x9d\x83'}, 14: {}}
[ERROR]:  pop from empty list
**Find States: 10**
**Find Bugs: 0**
2023-09-25 20:29:38
---------------------Round 118---------------------
[DEBUG]: Chosen State:
 receive_pairing_random_state
[DEBUG]: Mutation Vector:
 {1: {}, 2: {}, 3: {}, 4: {}, 5: {}, 6: {}, 7: {}, 8: {}, 9: {}, 10: {}, 11: {}, 12: {}, 13: {0: b'\xab\xc6\x9b\x02\xf9\xedHX\x94\xa5\x9d\xd4\x83\x06Br'}, 14: {}}
[ERROR]:  pop from empty list
**Find States: 10**
**Find Bugs: 0**
2023-09-25 20:29:53
---------------------Round 119---------------------
[DEBUG]: Chosen State:
 receive_pairing_public_key_state
[DEBUG]: Mutation Vector:
 {1: {}, 2: {}, 3: {}, 4: {0: b'\xc8\x05\xf6\xc1\xd6dd\xcb/\xa7\xf7\xfat:\x16\xbb'}, 5: {}, 6: {}, 7: {}, 8: {}, 9: {}, 10: {}, 11: {}, 12: {}, 13: {}, 14: {}}
[ERROR]:  pop from empty list
**Find States: 10**
**Find Bugs: 0**
2023-09-25 20:30:08
---------------------Round 120---------------------
[DEBUG]: Chosen State:
 receive_pairing_public_key_state
[DEBUG]: Mutation Vector:
 {1: {}, 2: {}, 3: {}, 4: {0: b'\x05\xc8\xc1\xf6d\xd6\xcbd\x19/\xfa\xf7:t\xbb\x16'}, 5: {}, 6: {}, 7: {}, 8: {}, 9: {}, 10: {}, 11: {}, 12: {}, 13: {}, 14: {}}
[DEBUG]: Receive Packet:
 {'code': 2, 'io_capability': b'\x03', 'oob_data_flags': b'\x00', 'authreq': b'\x01', 'max_enc_key_size': b'\x10', 'initiator_key_distribution': b'\x02', 'responder_key_distribution': b'\x01'}
[DEBUG]: Receive Packet:
 {'code': 3, 'cfm_value': b'\xef\xe5\xa8\x0eS#\xd5\x85 \xef@#.\x8c\xc8\xee'}
**Find States: 10**
**Find Bugs: 0**
2023-09-25 20:30:24
---------------------Round 121---------------------
[DEBUG]: Chosen State:
 state_0
---------------------Round 122---------------------
[DEBUG]: Chosen State:
 state_0
---------------------Round 123---------------------
[DEBUG]: Chosen State:
 state_2
[DEBUG]: Mutation Vector:
 {1: {3: b'\x11'}, 2: {}, 3: {}, 4: {0: b'\xea\ru\x97\x80=\xa5\x80"\xac\xad@\xa0\x19\xda\xf4'}, 5: {}, 6: {}, 7: {}, 8: {}, 9: {}, 10: {}, 11: {}, 12: {0: b';\xc3c\xcc\x11\x8e<\x96\x9dY\x92\x8c\xbaD\x8e\xd8\x16\xf4F\x14c\xec\x1e\x9f\xd3U]\xea\xa8\xd0\xaeT\t\xc2/6J\xcdCC\xb4\xe6\xf6\xdf}\x02\\P\x97\n\xc6~\xfc+5A\xdfV\xb1sd\x01\xfd;'}, 13: {}, 14: {}}
[DEBUG]: Receive Packet:
 {'code': 2, 'io_capability': b'\x03', 'oob_data_flags': b'\x00', 'authreq': b'\x01', 'max_enc_key_size': b'\x10', 'initiator_key_distribution': b'\x02', 'responder_key_distribution': b'\x01'}
[DEBUG]: Receive Packet:
 {'code': 3, 'cfm_value': b'\xa9\xf5\x1duX\x9e\x9f\x8f\xb4\xc3a\xdc\r\xb2!.'}
**Find States: 10**
**Find Bugs: 0**
2023-09-25 20:30:39
---------------------Round 124---------------------
[DEBUG]: Chosen State:
 state_5
[DEBUG]: Mutation Vector:
 {1: {}, 2: {}, 3: {}, 4: {0: b'\xc8\x05\xf6\xc1\xd6dd\xcb/\xa7\xf7\xfat:\x16\xbb'}, 5: {}, 6: {}, 7: {}, 8: {}, 9: {}, 10: {}, 11: {}, 12: {0: b';\xc3c\xcc\x11\x8e<\x96\x9dY\x92\x8c\xbaD\x8e\xd8\x16\xf4F\x14c\xec\x1e\x9f\xd3U]\xea\xa8\xd0\xaeT\t\xc2/6J\xcdCC\xb4\xe6\xf6\xdf}\x02\\P\x97\n\xc6~\xfc+5A\xdfV\xb1sd\x01\xfd:'}, 13: {}, 14: {}}
[DEBUG]: Receive Packet:
 {'code': 2, 'io_capability': b'\x03', 'oob_data_flags': b'\x00', 'authreq': b'\x01', 'max_enc_key_size': b'\x10', 'initiator_key_distribution': b'\x02', 'responder_key_distribution': b'\x01'}
[DEBUG]: Receive Packet:
 {'code': 3, 'cfm_value': b'\x8d\xa9?\xd7\x9apv\xca?\xc8\xee\xc8L\x9c\xb9D'}
**Find States: 10**
**Find Bugs: 0**
2023-09-25 20:30:54
---------------------Round 125---------------------
[DEBUG]: Chosen State:
 state_8
[DEBUG]: Mutation Vector:
 {1: {}, 2: {}, 3: {}, 4: {}, 5: {}, 6: {}, 7: {}, 8: {}, 9: {}, 10: {}, 11: {}, 12: {0: b';\xc3c\xcc\x11\x8e<\x96\x9dY\x92\x8c\xbaD\x8e\xd8\x16\xf4F\x14c\xec\x1e\x9f\xd3U]\xea\xa8\xd0\xaeT\t\xc2/6J\xcdCC\xb4\xe6\xf6\xdf}\x02\\P\x97\n\xc6~\xfc+5A\xdfV\xb1sd\x01\xfd:'}, 13: {0: b'\x02\xa5\xd4\x83\x94\x9d\x9b\x06\xedr\xf9BH\xc6X\xab'}, 14: {}}
[DEBUG]: Receive Packet:
 {'code': 2, 'io_capability': b'\x03', 'oob_data_flags': b'\x00', 'authreq': b'\x01', 'max_enc_key_size': b'\x10', 'initiator_key_distribution': b'\x02', 'responder_key_distribution': b'\x01'}
[DEBUG]: Receive Packet:
 {'code': 3, 'cfm_value': b'0\x13q\xb5\xfe\x9f-0\xe9S\x82\x10\xeeS\x1a\x12'}
[DEBUG]: Receive Packet:
 {'code': 4, 'random_value': b'J\x7fUs\xd5\xfdN\x06\x9cI\xd0\x0f\x88\xf7\xc4<'}
[DEBUG]: Receive Packet:
 {'code': 6, 'long_term_key': b";\xaf\x00ir\xd53\x0e\x01+\xbba\x89\xb5\x91'"}
**Find States: 10**
**Find Bugs: 0**
2023-09-25 20:31:10
---------------------Round 126---------------------
[DEBUG]: Chosen State:
 receive_pairing_rsp_state
[DEBUG]: Mutation Vector:
 {1: {}, 2: {}, 3: {}, 4: {}, 5: {}, 6: {}, 7: {}, 8: {}, 9: {}, 10: {}, 11: {}, 12: {0: b';\xc3c\xcc\x11\x8e<\x96\x9dY\x92\x8c\xbaD\x8e\xd8\x16\xf4F\x14c\xec\x1e\x9f\xd3U]\xea\xa8\xd0\xaeT\t\xc2/6J\xcdCC\xb4\xe6\xf6\xdf}\x02\\P\x97\n\xc6~\xfc+5A\xdfV\xb1sd\x01\xfd;'}, 13: {}, 14: {}}
[DEBUG]: Receive Packet:
 {'code': 2, 'io_capability': b'\x03', 'oob_data_flags': b'\x00', 'authreq': b'\x01', 'max_enc_key_size': b'\x10', 'initiator_key_distribution': b'\x02', 'responder_key_distribution': b'\x01'}
[DEBUG]: Receive Packet:
 {'code': 3, 'cfm_value': b't\x06\x1e\x83\xea\x15\x86\x0f\xb1\xb6\x94\x16\xa3\x99\x05\x9d'}
[DEBUG]: Receive Packet:
 {'code': 4, 'random_value': b'\x00\xe7\xa1:\x1csQu\xeff\x9ex\x16\xe5\x8b\x0b'}
**Find States: 10**
**Find Bugs: 0**
2023-09-25 20:31:25
---------------------Round 127---------------------
[DEBUG]: Chosen State:
 receive_pairing_public_key_state
[DEBUG]: Mutation Vector:
 {1: {}, 2: {}, 3: {}, 4: {0: b'\x05\xc8\xc1\xf6d\xd6\xcbd\xa7/8\xf7:t\xbb\x16'}, 5: {}, 6: {}, 7: {}, 8: {}, 9: {}, 10: {}, 11: {}, 12: {}, 13: {}, 14: {}}
[DEBUG]: Receive Packet:
 {'code': 2, 'io_capability': b'\x03', 'oob_data_flags': b'\x00', 'authreq': b'\x01', 'max_enc_key_size': b'\x10', 'initiator_key_distribution': b'\x02', 'responder_key_distribution': b'\x01'}
[DEBUG]: Receive Packet:
 {'code': 3, 'cfm_value': b'\x97\xfe\xc8\xbe\xc5\x99\xc43\x807^H\xf0F\xe4\x82'}
**Find States: 10**
**Find Bugs: 0**
2023-09-25 20:31:40
---------------------Round 128---------------------
[DEBUG]: Chosen State:
 state_9
---------------------Round 129---------------------
[DEBUG]: Chosen State:
 state_1
[DEBUG]: Mutation Vector:
 {1: {3: b'\x11'}, 2: {}, 3: {}, 4: {}, 5: {}, 6: {}, 7: {}, 8: {}, 9: {}, 10: {}, 11: {}, 12: {0: b';\xc3c\xcc\x11\x8e<\x96\x9dY\x92\x8c\xbaD\x8e\xd8\x16\xf4F\x14c\xec\x1e\x9f\xd3U]\xea\xa8\xd0\xaeT\t\xc2/6J\xcdCC\xb4{\xf6\xdf}\x02\\P\x97\n\xc6~\xfc+5A\xdfV\xb1sd\x01\xfd;'}, 13: {}, 14: {}}
[DEBUG]: Receive Packet:
 {'code': 2, 'io_capability': b'\x03', 'oob_data_flags': b'\x00', 'authreq': b'\x01', 'max_enc_key_size': b'\x10', 'initiator_key_distribution': b'\x02', 'responder_key_distribution': b'\x01'}
[DEBUG]: Receive Packet:
 {'code': 3, 'cfm_value': b'\xe6L\xbc 9\xc40$\x124\x13\x89v\x8f\xcc\x1b'}
[DEBUG]: Receive Packet:
 {'code': 4, 'random_value': b'\xa572U\x946\xd7"\xf3u\xb0\\\x93Z\x04('}
**Find States: 10**
**Find Bugs: 0**
2023-09-25 20:31:56
---------------------Round 130---------------------
[DEBUG]: Chosen State:
 receive_pairing_public_key_state
[DEBUG]: Mutation Vector:
 {1: {}, 2: {}, 3: {}, 4: {0: b'\xc8\x05\xf6\xc1\xd6dd\xcb/\xa7\xf7\xfat:\x16\xbb'}, 5: {}, 6: {}, 7: {}, 8: {}, 9: {}, 10: {}, 11: {}, 12: {}, 13: {}, 14: {}}
[DEBUG]: Receive Packet:
 {'code': 2, 'io_capability': b'\x03', 'oob_data_flags': b'\x00', 'authreq': b'\x01', 'max_enc_key_size': b'\x10', 'initiator_key_distribution': b'\x02', 'responder_key_distribution': b'\x01'}
[DEBUG]: Receive Packet:
 {'code': 3, 'cfm_value': b'\xc1(\x17\xcf\xbd\x82.\xb6\xee\xff)\xccL\x1e\x92\\'}
**Find States: 10**
**Find Bugs: 0**
2023-09-25 20:32:11
---------------------Round 131---------------------
[DEBUG]: Chosen State:
 not_pair_state
[DEBUG]: Mutation Vector:
 {1: {3: b'\x10'}, 2: {}, 3: {}, 4: {}, 5: {}, 6: {}, 7: {}, 8: {}, 9: {}, 10: {}, 11: {}, 12: {}, 13: {}, 14: {}}
[DEBUG]: Receive Packet:
 {'code': 2, 'io_capability': b'\x03', 'oob_data_flags': b'\x00', 'authreq': b'\x01', 'max_enc_key_size': b'\x10', 'initiator_key_distribution': b'\x02', 'responder_key_distribution': b'\x01'}
**Find States: 10**
**Find Bugs: 0**
2023-09-25 20:32:26
---------------------Round 132---------------------
[DEBUG]: Chosen State:
 receive_pairing_rsp_state
[DEBUG]: Mutation Vector:
 {1: {}, 2: {}, 3: {}, 4: {}, 5: {}, 6: {}, 7: {}, 8: {}, 9: {}, 10: {}, 11: {}, 12: {0: b'\xb16\xfd\x9d\xfc\xec\x01\xcdC\xdf}V\xa8\x1e\x16\x9f\xdf/5U\xb4;P\xe6\x96J\t\xae~c\x8c\xc3\x8e\\<\nF\xcc;\x92\xd0Cc\x97sA\xc2\xc6+\xd8\x14DY\x8e\x02]T\xf4\xead\xf6\xd3\xba\x11'}, 13: {}, 14: {}}
[DEBUG]: Receive Packet:
 {'code': 2, 'io_capability': b'\x03', 'oob_data_flags': b'\x00', 'authreq': b'\x01', 'max_enc_key_size': b'\x10', 'initiator_key_distribution': b'\x02', 'responder_key_distribution': b'\x01'}
[DEBUG]: Receive Packet:
 {'code': 3, 'cfm_value': b"\x1dP7p\x9e\xcb\x19D\xcc'\x94\xc1\x19\xe9Q\x17"}
[DEBUG]: Receive Packet:
 {'code': 4, 'random_value': b'\xe4\xd2\xaecg\x82\xecV~}\x8fj\xc2\xea\xc8$'}
**Find States: 10**
**Find Bugs: 0**
2023-09-25 20:32:42
---------------------Round 133---------------------
[DEBUG]: Chosen State:
 state_9
---------------------Round 134---------------------
[DEBUG]: Chosen State:
 state_0
---------------------Round 135---------------------
[DEBUG]: Chosen State:
 receive_pairing_dhkey_check_state
---------------------Round 136---------------------
[DEBUG]: Chosen State:
 state_3
[DEBUG]: Mutation Vector:
 {1: {3: b'\x11'}, 2: {}, 3: {}, 4: {}, 5: {}, 6: {}, 7: {}, 8: {}, 9: {}, 10: {}, 11: {}, 12: {0: b';\xc3c\xcc\x11\x8e<\x96\x9dY\x92\x8c\xbaD\x8e\xd8\x16\xf4F\x14c\xec\x1e\x9f\xd3U]\xea\xa8\xd0\xaeT\t\xc2/6J\xcdCC\xb4\xe6\xf6\xdf}\x02\\P\x97\n\xc6~\xfc+5A\xdfV\xb1sd\x01\xfd;'}, 13: {0: b'\x94H\x9b\x02\xabB\x06\xc6\xa5\xed\xd4X\xf9r\x9d\x84'}, 14: {}}
[DEBUG]: Receive Packet:
 {'code': 2, 'io_capability': b'\x03', 'oob_data_flags': b'\x00', 'authreq': b'\x01', 'max_enc_key_size': b'\x10', 'initiator_key_distribution': b'\x02', 'responder_key_distribution': b'\x01'}
[DEBUG]: Receive Packet:
 {'code': 3, 'cfm_value': b'\x9c\x9c|\x8aO\x8c\x83\xb7\x1a\xa1\x05~\xb4?\x06\x18'}
[DEBUG]: Receive Packet:
 {'code': 4, 'random_value': b"\xb2\x00\xc1M\x1d\xc7\xf2E$(\xa3 p'\x8bK"}
**Find States: 10**
**Find Bugs: 0**
2023-09-25 20:32:57
---------------------Round 137---------------------
[DEBUG]: Chosen State:
 state_7
---------------------Round 138---------------------
[DEBUG]: Chosen State:
 state_4
[DEBUG]: Mutation Vector:
 {1: {3: b'\x11'}, 2: {}, 3: {}, 4: {}, 5: {}, 6: {}, 7: {}, 8: {}, 9: {}, 10: {}, 11: {}, 12: {0: b';\xc3c\xcc\x11\x8e<\x96\x9dY\x92\x8c\xbaD\x8e\xd8\x16\xf4F\x14c\xec\x1e\x9f\xd3U]\xea\xa8\xd0\xaeT\t\xc2/6J\xcdCC\xb4\xe6\xf6\xdf}\x02\\P\x97\n\xc6~\xfc+5A\xdfV\xb1sd\x01\xfd;'}, 13: {0: b'H\x94\x02\x9bB\xab\xc6\x06\xed\xa5X\xd4r\xf9\x83\x9d'}, 14: {}}
[DEBUG]: Receive Packet:
 {'code': 2, 'io_capability': b'\x03', 'oob_data_flags': b'\x00', 'authreq': b'\x01', 'max_enc_key_size': b'\x10', 'initiator_key_distribution': b'\x02', 'responder_key_distribution': b'\x01'}
[DEBUG]: Receive Packet:
 {'code': 3, 'cfm_value': b'\xd8E\xbe9K\xc8\xa5>\xaa\x8d\xadF\xd4\xd7\x89T'}
[DEBUG]: Receive Packet:
 {'code': 4, 'random_value': b'q\xa0H>9\xd64n\xd4\x7f\xdb\t\x97DCf'}
[DEBUG]: Receive Packet:
 {'code': 6, 'long_term_key': b'.\x03V(\xb2v+\x05u\x1b\x1e\x10$\x96\x90\x1b'}
**Find States: 10**
**Find Bugs: 0**
2023-09-25 20:33:12
---------------------Round 139---------------------
[DEBUG]: Chosen State:
 receive_pairing_rsp_state
[DEBUG]: Mutation Vector:
 {1: {}, 2: {}, 3: {}, 4: {}, 5: {}, 6: {}, 7: {}, 8: {}, 9: {}, 10: {}, 11: {}, 12: {0: b'\x9fU\t\x8e\xd0\xf6F\\\xdf/V\n\xae\x02\x96\xb1c\xea\xbaT\xdf~J\x01\x92C<\xf4D\xcc\x8c\xc2\xd3A]\xec\xfd5\x16;C6\x14\xb4Pd\xc3s\x9d\xfc\xd8+\x1e\xe6\x8e\x11;\x97Y}c\xc6\xcd\xa8'}, 13: {}, 14: {}}
[DEBUG]: Receive Packet:
 {'code': 2, 'io_capability': b'\x03', 'oob_data_flags': b'\x00', 'authreq': b'\x01', 'max_enc_key_size': b'\x10', 'initiator_key_distribution': b'\x02', 'responder_key_distribution': b'\x01'}
[DEBUG]: Receive Packet:
 {'code': 3, 'cfm_value': b'*\xf6v\x00\x8f\x95m\x88\xca\xc3 *\xbe\xc7\xc6\xc6'}
[DEBUG]: Receive Packet:
 {'code': 4, 'random_value': b'8\xae\x80i\xf4U/\x18\x87a\xc6|\xce\xe7{h'}
**Find States: 10**
**Find Bugs: 0**
2023-09-25 20:33:28
---------------------Round 140---------------------
[DEBUG]: Chosen State:
 state_5
[DEBUG]: Mutation Vector:
 {1: {}, 2: {}, 3: {}, 4: {0: b'\xc1:t\xd6\xf6\xfa/\xa7\xbb\x16d\xc8\xf7\xcbd\x05'}, 5: {}, 6: {}, 7: {}, 8: {}, 9: {}, 10: {}, 11: {}, 12: {0: b';\xc3c\xcc\x11\x8e<\x96\x9dY\x92\x8c\xbaD\x8e\xd8\x16\xf4F\x14c\xec\x1e\x9f\xd3U]\xea\xa8\xd0\xaeT\t\xc2/6J\xcdCC\xb4\xe6\xf6\xdf}\x02\\P\x97\n\xc6~\xfc+5A\xdfV\xb1sd\x01\xfd:'}, 13: {}, 14: {}}
[DEBUG]: Receive Packet:
 {'code': 2, 'io_capability': b'\x03', 'oob_data_flags': b'\x00', 'authreq': b'\x01', 'max_enc_key_size': b'\x10', 'initiator_key_distribution': b'\x02', 'responder_key_distribution': b'\x01'}
[DEBUG]: Receive Packet:
 {'code': 3, 'cfm_value': b'7\xf7\xaa\xce\x8b\x8b\xc6^\x97\xfe\x90\x94\xd9h\xff|'}
**Find States: 10**
**Find Bugs: 0**
2023-09-25 20:33:43
---------------------Round 141---------------------
[DEBUG]: Chosen State:
 state_1
[DEBUG]: Mutation Vector:
 {1: {3: b'\x11'}, 2: {}, 3: {}, 4: {}, 5: {}, 6: {}, 7: {}, 8: {}, 9: {}, 10: {}, 11: {}, 12: {0: b';\xc3c\xcc\x11\x8e<\x96\x9dY\x92\x8c\xbaD\x8e\xd8\x16\xf4F\x14c\xec\x1e\x9f\xd3U]\xea\xa8\xd0\xaeT\t\xc2/6J\xcdCC\xb4\xe6\xf6\xdf}\x02\\P\x97\n\xc6~\xfc+5A\xdfV\xb1sd\x01\xfd<'}, 13: {}, 14: {}}
[DEBUG]: Receive Packet:
 {'code': 2, 'io_capability': b'\x03', 'oob_data_flags': b'\x00', 'authreq': b'\x01', 'max_enc_key_size': b'\x10', 'initiator_key_distribution': b'\x02', 'responder_key_distribution': b'\x01'}
[DEBUG]: Receive Packet:
 {'code': 3, 'cfm_value': b"\x8b\x98a/\x18W=\xac\xab\x04\r\xf1'O\xc3\x9b"}
[DEBUG]: Receive Packet:
 {'code': 4, 'random_value': b'S/Was\x88\xbc/\x9e}nH\x99\xdfhh'}
**Find States: 10**
**Find Bugs: 0**
2023-09-25 20:33:58
---------------------Round 142---------------------
[DEBUG]: Chosen State:
 receive_pairing_public_key_state
[DEBUG]: Mutation Vector:
 {1: {}, 2: {}, 3: {}, 4: {0: b'\x05\xc8\xc1\xf6d\xd6\xcbd\xa7/\xfa\xf7:t\xbb\x15'}, 5: {}, 6: {}, 7: {}, 8: {}, 9: {}, 10: {}, 11: {}, 12: {}, 13: {}, 14: {}}
[DEBUG]: Receive Packet:
 {'code': 2, 'io_capability': b'\x03', 'oob_data_flags': b'\x00', 'authreq': b'\x01', 'max_enc_key_size': b'\x10', 'initiator_key_distribution': b'\x02', 'responder_key_distribution': b'\x01'}
[DEBUG]: Receive Packet:
 {'code': 3, 'cfm_value': b'\xaf4\xb8\x0cx\xc4u\xe14\xcf\xa2\xf1\x1b\xc0\xd0U'}
**Find States: 10**
**Find Bugs: 0**
2023-09-25 20:34:14
---------------------Round 143---------------------
[DEBUG]: Chosen State:
 receive_pairing_public_key_state
[DEBUG]: Mutation Vector:
 {1: {}, 2: {}, 3: {}, 4: {0: b'@\x9bA\xa8M\xc1r)~\x00\x0c^\xa3]\xbd\x08'}, 5: {}, 6: {}, 7: {}, 8: {}, 9: {}, 10: {}, 11: {}, 12: {}, 13: {}, 14: {}}
[DEBUG]: Receive Packet:
 {'code': 2, 'io_capability': b'\x03', 'oob_data_flags': b'\x00', 'authreq': b'\x01', 'max_enc_key_size': b'\x10', 'initiator_key_distribution': b'\x02', 'responder_key_distribution': b'\x01'}
[DEBUG]: Receive Packet:
 {'code': 3, 'cfm_value': b'\xd3\xfa\x9a\x0fa\xaf\xe0\xa2\x13:\x10\xa7\x9b\x91\xb98'}
**Find States: 10**
**Find Bugs: 0**
2023-09-25 20:34:29
---------------------Round 144---------------------
[DEBUG]: Chosen State:
 state_4
[DEBUG]: Mutation Vector:
 {1: {3: b'\x11'}, 2: {}, 3: {}, 4: {}, 5: {}, 6: {}, 7: {}, 8: {}, 9: {}, 10: {}, 11: {}, 12: {0: b';\xc3c\xcc\x11\x8e<\x96\x9dY\x92\x8c\xbaD\x8e\xd8\x16\xf4F\x14c\xec\x1e\x9f\xd3U]\xea\xa8\xd0\xaeT\t\xc2/6J\xcdCC\xb4\xe6\xf6\xdf}\x02\\P\x97\n\xc6~\xfc+5A\xdfV\xb1sd\x01\xfd;'}, 13: {0: b'\x94H\x9b\x02\xabB\x06\xc6\xa5\xed\xd4X\xf9r\x9d\x82'}, 14: {}}
[ERROR]:  pop from empty list
**Find States: 10**
**Find Bugs: 0**
2023-09-25 20:34:44
---------------------Round 145---------------------
[DEBUG]: Chosen State:
 state_0
---------------------Round 146---------------------
[DEBUG]: Chosen State:
 receive_pairing_dhkey_check_state
---------------------Round 147---------------------
[DEBUG]: Chosen State:
 state_1
[DEBUG]: Mutation Vector:
 {1: {3: b'\x11'}, 2: {}, 3: {}, 4: {}, 5: {}, 6: {}, 7: {}, 8: {}, 9: {}, 10: {}, 11: {}, 12: {0: b';\xc3c\xcc\x11\x8e<\x96\x9dY\x92\x8c\xbaD\x8e\xd8\x16\xf4F\x14c\xec\x1e\x9f\xd3U]\xea\xa8\xd0\xaeT\t\xc2/6J\xcdCC\xb4\xe6\xf6\xdf}\x02\\P\x97\n\xc6~\xfc+5A\xdfV\xb1\x0bd\x01\xfd;'}, 13: {}, 14: {}}
[ERROR]:  pop from empty list
**Find States: 10**
**Find Bugs: 0**
2023-09-25 20:34:59
---------------------Round 148---------------------
[DEBUG]: Chosen State:
 state_9
---------------------Round 149---------------------
[DEBUG]: Chosen State:
 state_7
---------------------Round 150---------------------
[DEBUG]: Chosen State:
 state_6
[DEBUG]: Mutation Vector:
 {1: {}, 2: {}, 3: {}, 4: {}, 5: {}, 6: {}, 7: {}, 8: {}, 9: {}, 10: {}, 11: {}, 12: {0: b';\xc3c\xcc\x11\x8e<\x96\x9dY\x92\x8c\xbaD\x8e\xd8\x16\xf4F\x14c\xec\x1e\x9f\xd3U]\xea\xa8\xd0\xaeT\t\xc2/6J\xcdCC\xb4\xe6\xf6\xdf}\x02\\P\x97\n\xc6~\xfc+5A\xdfV\xb1sd\x01\xfd:'}, 13: {0: b'\x94H\x9b\x02\xabB\x06\xc6\xa5\xed\xd4X\xf9r\x9d\x82'}, 14: {}}
[ERROR]:  pop from empty list
**Find States: 10**
**Find Bugs: 0**
2023-09-25 20:35:14
---------------------Round 151---------------------
[DEBUG]: Chosen State:
 not_pair_state
[DEBUG]: Mutation Vector:
 {1: {1: b'\xca'}, 2: {}, 3: {}, 4: {}, 5: {}, 6: {}, 7: {}, 8: {}, 9: {}, 10: {}, 11: {}, 12: {}, 13: {}, 14: {}}
[DEBUG]: Receive Packet:
 {'code': 2, 'io_capability': b'\x03', 'oob_data_flags': b'\x00', 'authreq': b'\x01', 'max_enc_key_size': b'\x10', 'initiator_key_distribution': b'\x02', 'responder_key_distribution': b'\x01'}
**Find States: 10**
**Find Bugs: 0**
2023-09-25 20:35:30
---------------------Round 152---------------------
[DEBUG]: Chosen State:
 receive_pairing_rsp_state
[DEBUG]: Mutation Vector:
 {1: {}, 2: {}, 3: {}, 4: {}, 5: {}, 6: {}, 7: {}, 8: {}, 9: {}, 10: {}, 11: {}, 12: {0: b';\xc3c\xcc\x11\x8e<\x96\x9dY\x92\x8c\xbaD\x8e\xd8\x16\xf4F\x14c\xec\x1e\x9f\xd3U]\xea\xa8\xd0\xaeT\t\xc2/6J\xcdCC\xb4\xe6\xf6\xdf}\x02\\P\x97\n\xc6~\xfc+5A\xdfV\xb1sd\x01\xfd:'}, 13: {}, 14: {}}
[DEBUG]: Receive Packet:
 {'code': 2, 'io_capability': b'\x03', 'oob_data_flags': b'\x00', 'authreq': b'\x01', 'max_enc_key_size': b'\x10', 'initiator_key_distribution': b'\x02', 'responder_key_distribution': b'\x01'}
[DEBUG]: Receive Packet:
 {'code': 3, 'cfm_value': b'\xc60\xa0\xf4\x8c\xa5\xeb\xb8\xc3`\xd0\xd0l*\xa6y'}
[DEBUG]: Receive Packet:
 {'code': 4, 'random_value': b'\x80\xf0\xa5h\xd3\xa5\xd1A\xca\xfc1\\\x1eF\x8aJ'}
**Find States: 10**
**Find Bugs: 0**
2023-09-25 20:35:45
---------------------Round 153---------------------
[DEBUG]: Chosen State:
 state_6
[DEBUG]: Mutation Vector:
 {1: {}, 2: {}, 3: {}, 4: {}, 5: {}, 6: {}, 7: {}, 8: {}, 9: {}, 10: {}, 11: {}, 12: {0: b';\xc3c\xcc\x11\x8e<\x96\x9dY\x92\x8c\xbaD\x8e\xd8\x16\xf4F\x14c\xec\x1e\x9f\xd3U]\xea\xa8\xd0\xaeT\t\xc2/6J\xcdCC\xb4\xe6\xf6\xdf}\x02\\P\x97\n\xc6~\xfc+5A\xdfV\xb1sd\x01\xfd:'}, 13: {0: b'8zb\xe9\xab\xef 0\x1d\xb5+\x00g\xabE\xcf'}, 14: {}}
[DEBUG]: Receive Packet:
 {'code': 2, 'io_capability': b'\x03', 'oob_data_flags': b'\x00', 'authreq': b'\x01', 'max_enc_key_size': b'\x10', 'initiator_key_distribution': b'\x02', 'responder_key_distribution': b'\x01'}
[DEBUG]: Receive Packet:
 {'code': 3, 'cfm_value': b'\xa6\xbd\xd7\x80\x19\xe4\x815\xbaY\xc7i\x92\xed9('}
[DEBUG]: Receive Packet:
 {'code': 4, 'random_value': b'a\n\xc2ti\x11\xce}\x84\xa6\xafq\x87]\x81['}
**Find States: 10**
**Find Bugs: 0**
2023-09-25 20:36:00
---------------------Round 154---------------------
[DEBUG]: Chosen State:
 state_8
[DEBUG]: Mutation Vector:
 {1: {}, 2: {}, 3: {}, 4: {}, 5: {}, 6: {}, 7: {}, 8: {}, 9: {}, 10: {}, 11: {}, 12: {0: b';\xc3c\xcc\x11\x8e<\x96\x9dY\x92\x8c\xbaD\x8e\xd8\x16\xf4F\x14c\xec\x1e\x9f\xd3U]\xea\xa8\xd0\xaeT\t\xc2/6J\xcdCC\xb4\xe6\xf6\xdf}\x02\\P\x97\n\xc6~\xfc+5A\xdfV\xb1sd\x01\xfd:'}, 13: {0: b'H\x94\x02\x9bB\xab\xc6\x06\xed\xa5X\xd4r\xf9\x83\x9d'}, 14: {}}
[DEBUG]: Receive Packet:
 {'code': 2, 'io_capability': b'\x03', 'oob_data_flags': b'\x00', 'authreq': b'\x01', 'max_enc_key_size': b'\x10', 'initiator_key_distribution': b'\x02', 'responder_key_distribution': b'\x01'}
[DEBUG]: Receive Packet:
 {'code': 3, 'cfm_value': b'\xea\x86\x8f\xef\xcb\xe3n\n\xda\xea\xba\xfb\xbc\x8e+\xe1'}
[DEBUG]: Receive Packet:
 {'code': 4, 'random_value': b'~&\x135\xc2\xdfU2\x05\xd3\xd65t\x9e\x84|'}
[DEBUG]: Receive Packet:
 {'code': 6, 'long_term_key': b'\xd3\xd0\x0cq\xf3KG \x1e\xad\xf3!\x19\x19\x97W'}
**Find States: 10**
**Find Bugs: 0**
2023-09-25 20:36:16
---------------------Round 155---------------------
[DEBUG]: Chosen State:
 state_0
---------------------Round 156---------------------
[DEBUG]: Chosen State:
 state_6
[DEBUG]: Mutation Vector:
 {1: {}, 2: {}, 3: {}, 4: {}, 5: {}, 6: {}, 7: {}, 8: {}, 9: {}, 10: {}, 11: {}, 12: {0: b';\xc3c\xcc\x11\x8e<\x96\x9dY\x92\x8c\xbaD\x8e\xd8\x16\xf4F\x14c\xec\x1e\x9f\xd3U]\xea\xa8\xd0\xaeT\t\xc2/6J\xcdCC\xb4\xe6\xf6\xdf}\x02\\P\x97\n\xc6~\xfc+5A\xdfV\xb1sd\x01\xfd:'}, 13: {0: b'\x94H\x9b\x02\xabB\x06\xc6\xa5\xed\xd4X\xf9r\x9d\x84'}, 14: {}}
[DEBUG]: Receive Packet:
 {'code': 2, 'io_capability': b'\x03', 'oob_data_flags': b'\x00', 'authreq': b'\x01', 'max_enc_key_size': b'\x10', 'initiator_key_distribution': b'\x02', 'responder_key_distribution': b'\x01'}
[DEBUG]: Receive Packet:
 {'code': 3, 'cfm_value': b'\xbb<\xe5\xc0\xdb\xfd3\xba\xd7\xe0\xf7\xc0\xa7Z\x8d\x87'}
[DEBUG]: Receive Packet:
 {'code': 4, 'random_value': b'\xbcv\xcfq_\x15\xce]6\xf5m`\x1a\xf4Km'}
**Find States: 10**
**Find Bugs: 0**
2023-09-25 20:36:31
---------------------Round 157---------------------
[DEBUG]: Chosen State:
 receive_pairing_dhkey_check_state
---------------------Round 158---------------------
[DEBUG]: Chosen State:
 state_1
[DEBUG]: Mutation Vector:
 {1: {3: b'\x11'}, 2: {}, 3: {}, 4: {}, 5: {}, 6: {}, 7: {}, 8: {}, 9: {}, 10: {}, 11: {}, 12: {0: b';\xc3c\xcc\x11\x8e<\x96\x9dY\x92\x8c\xbaD\x8e\xd8\x16\xf4F\x14c\xec\x1e\x9f\xd3U]\xea\xa8\xd0\xaeT\t\xc2/6J\xcdCC\xb4\xe6\xf6\xdf}\x02\\P\x97\n\xc6~\xe6+5A\xdfV\xb1sd\x01\xfd;'}, 13: {}, 14: {}}
[DEBUG]: Receive Packet:
 {'code': 2, 'io_capability': b'\x03', 'oob_data_flags': b'\x00', 'authreq': b'\x01', 'max_enc_key_size': b'\x10', 'initiator_key_distribution': b'\x02', 'responder_key_distribution': b'\x01'}
[DEBUG]: Receive Packet:
 {'code': 3, 'cfm_value': b'\x92\x85\xf1"F*\x8a\x90/\xaa_V\x86\xbf\x8d0'}
[DEBUG]: Receive Packet:
 {'code': 4, 'random_value': b'\xc9\xd9\xac\x12\xb1\x10j\x18\x0c\xab\xccNo\xbbma'}
**Find States: 10**
**Find Bugs: 0**
2023-09-25 20:36:46
---------------------Round 159---------------------
[DEBUG]: Chosen State:
 receive_pairing_rsp_state
[DEBUG]: Mutation Vector:
 {1: {}, 2: {}, 3: {}, 4: {}, 5: {}, 6: {}, 7: {}, 8: {}, 9: {}, 10: {}, 11: {}, 12: {0: b';\xc3c\xcc\x11\x8e<\x96\x9dY\x92\x8c\xbaD\x8e\xd8\x16\xf4F\x14c\xec\x1e\x9f\xd3U]\xea\xa8\xd0\xaeT\t\xc2/6J\xcdCC\xb4\xe6\xf6\xdf}\x02\\P\x97\n\xc6~\xfc+5A\xdfV\xb1sd\x01\xfd:'}, 13: {}, 14: {}}
[DEBUG]: Receive Packet:
 {'code': 2, 'io_capability': b'\x03', 'oob_data_flags': b'\x00', 'authreq': b'\x01', 'max_enc_key_size': b'\x10', 'initiator_key_distribution': b'\x02', 'responder_key_distribution': b'\x01'}
[DEBUG]: Receive Packet:
 {'code': 3, 'cfm_value': b'\xc2\xec\xb0Q\x93\xe99S\xbdJ\xa3\xab\t\x95\x1e?'}
[DEBUG]: Receive Packet:
 {'code': 4, 'random_value': b'v\xdbOPZ}":]\xe6\xc0i\xec\xaa#7'}
**Find States: 10**
**Find Bugs: 0**
2023-09-25 20:37:02
---------------------Round 160---------------------
[DEBUG]: Chosen State:
 state_9
---------------------Round 161---------------------
[DEBUG]: Chosen State:
 state_9
---------------------Round 162---------------------
[DEBUG]: Chosen State:
 final_state
---------------------Round 163---------------------
[DEBUG]: Chosen State:
 state_4
[DEBUG]: Mutation Vector:
 {1: {3: b'\x11'}, 2: {}, 3: {}, 4: {}, 5: {}, 6: {}, 7: {}, 8: {}, 9: {}, 10: {}, 11: {}, 12: {0: b';\xc3c\xcc\x11\x8e<\x96\x9dY\x92\x8c\xbaD\x8e\xd8\x16\xf4F\x14c\xec\x1e\x9f\xd3U]\xea\xa8\xd0\xaeT\t\xc2/6J\xcdCC\xb4\xe6\xf6\xdf}\x02\\P\x97\n\xc6~\xfc+5A\xdfV\xb1sd\x01\xfd;'}, 13: {0: b'B\xf9\xab\xa5\x83\xd4X\x02\x9b\xc6rH\x06\x9d\x94\xed'}, 14: {}}
[DEBUG]: Receive Packet:
 {'code': 2, 'io_capability': b'\x03', 'oob_data_flags': b'\x00', 'authreq': b'\x01', 'max_enc_key_size': b'\x10', 'initiator_key_distribution': b'\x02', 'responder_key_distribution': b'\x01'}
[DEBUG]: Receive Packet:
 {'code': 3, 'cfm_value': b'z\xc6\xf5\xf4\x94\xb5N\xfaH\xa3xV\xa81c\x98'}
[DEBUG]: Receive Packet:
 {'code': 4, 'random_value': b'\x1e\xc5\xd8Q\x19Qr\x19\x80Xlb\x9c\xc6\x18^'}
[DEBUG]: Receive Packet:
 {'code': 6, 'long_term_key': b'o\xa6\x9a1\x96\xeeKG\xc5"\x85|\xfd\xeb\xa5~'}
**Find States: 10**
**Find Bugs: 0**
2023-09-25 20:37:17
---------------------Round 164---------------------
[DEBUG]: Chosen State:
 final_state
---------------------Round 165---------------------
[DEBUG]: Chosen State:
 receive_pairing_dhkey_check_state
---------------------Round 166---------------------
[DEBUG]: Chosen State:
 state_8
[DEBUG]: Mutation Vector:
 {1: {}, 2: {}, 3: {}, 4: {}, 5: {}, 6: {}, 7: {}, 8: {}, 9: {}, 10: {}, 11: {}, 12: {0: b';\xc3c\xcc\x11\x8e<\x96\x9dY\x92\x8c\xbaD\x8e\xd8\x16\xf4F\x14c\xec\x1e\x9f\xd3U]\xea\xa8\xd0\xaeT\t\xc2/6J\xcdCC\xb4\xe6\xf6\xdf}\x02\\P\x97\n\xc6~\xfc+5A\xdfV\xb1sd\x01\xfd:'}, 13: {0: b'H\x94\x02\x9bB\xab\xc6\x06\xed\xa5X\xd4r\xf9\x83\x9d'}, 14: {}}
[ERROR]:  pop from empty list
**Find States: 10**
**Find Bugs: 0**
2023-09-25 20:37:32
---------------------Round 167---------------------
[DEBUG]: Chosen State:
 receive_pairing_dhkey_check_state
---------------------Round 168---------------------
[DEBUG]: Chosen State:
 final_state
---------------------Round 169---------------------
[DEBUG]: Chosen State:
 state_1
[DEBUG]: Mutation Vector:
 {1: {3: b'\x11'}, 2: {}, 3: {}, 4: {}, 5: {}, 6: {}, 7: {}, 8: {}, 9: {}, 10: {}, 11: {}, 12: {0: b';\xc3c\xcc\x11\x8e<\x96\x9dY\x92\x8c\xbaD\x8e\xd8\x16\xf4F\x14c\xec\x1e\x9f\xd3U]\xea\xa8\xd0\xaeT\t\xc2/6J\xcdCC\xb4\xe6\xf6\xdf}\x02\\P\x97\n\xc6~\xfc+fA\xdfV\xb1sd\x01\xfd;'}, 13: {}, 14: {}}
[ERROR]:  pop from empty list
**Find States: 10**
**Find Bugs: 0**
2023-09-25 20:37:47
---------------------Round 170---------------------
[DEBUG]: Chosen State:
 state_9
---------------------Round 171---------------------
[DEBUG]: Chosen State:
 state_8
[DEBUG]: Mutation Vector:
 {1: {}, 2: {}, 3: {}, 4: {}, 5: {}, 6: {}, 7: {}, 8: {}, 9: {}, 10: {}, 11: {}, 12: {0: b';\xc3c\xcc\x11\x8e<\x96\x9dY\x92\x8c\xbaD\x8e\xd8\x16\xf4F\x14c\xec\x1e\x9f\xd3U]\xea\xa8\xd0\xaeT\t\xc2/6J\xcdCC\xb4\xe6\xf6\xdf}\x02\\P\x97\n\xc6~\xfc+5A\xdfV\xb1sd\x01\xfd:'}, 13: {0: b'\x0bv\x82\x19m\xd2\x16K\xbevf}$~\x0e\\'}, 14: {}}
[ERROR]:  pop from empty list
**Find States: 10**
**Find Bugs: 0**
2023-09-25 20:38:02
---------------------Round 172---------------------
[DEBUG]: Chosen State:
 receive_pairing_dhkey_check_state
---------------------Round 173---------------------
[DEBUG]: Chosen State:
 state_7
---------------------Round 174---------------------
[DEBUG]: Chosen State:
 final_state
---------------------Round 175---------------------
[DEBUG]: Chosen State:
 state_6
[DEBUG]: Mutation Vector:
 {1: {}, 2: {}, 3: {}, 4: {}, 5: {}, 6: {}, 7: {}, 8: {}, 9: {}, 10: {}, 11: {}, 12: {0: b';\xc3c\xcc\x11\x8e<\x96\x9dY\x92\x8c\xbaD\x8e\xd8\x16\xf4F\x14c\xec\x1e\x9f\xd3U]\xea\xa8\xd0\xaeT\t\xc2/6J\xcdCC\xb4\xe6\xf6\xdf}\x02\\P\x97\n\xc6~\xfc+5A\xdfV\xb1sd\x01\xfd:'}, 13: {0: b'~q\x87\xf4\xe3\xac\x82\x8b\x0c\xde\x9c\x1a\x1f\x86\x98\r'}, 14: {}}
[ERROR]:  pop from empty list
**Find States: 10**
**Find Bugs: 0**
2023-09-25 20:38:17
---------------------Round 176---------------------
[DEBUG]: Chosen State:
 state_9
---------------------Round 177---------------------
[DEBUG]: Chosen State:
 state_9
---------------------Round 178---------------------
[DEBUG]: Chosen State:
 receive_pairing_rsp_state
[DEBUG]: Mutation Vector:
 {1: {}, 2: {}, 3: {}, 4: {}, 5: {}, 6: {}, 7: {}, 8: {}, 9: {}, 10: {}, 11: {}, 12: {0: b'\xf4<\x97~\x11\xea\x96\x9fC\x8e\xb1\xd0J\xf6F\x1e\xe6\xfc\xcc\xb4\x02s\xd8\x92\xaed\x8c]T\x01\xdf\xec\\\xcd\xdf}\xfd/\xc2\xc6D;\xc3U\xa8C\x8eA\t\x14+Pc;\nV\xd3\xbac\x16Y56\x9d'}, 13: {}, 14: {}}
[ERROR]:  pop from empty list
**Find States: 10**
**Find Bugs: 0**
2023-09-25 20:38:32
---------------------Round 179---------------------
[DEBUG]: Chosen State:
 state_5
[DEBUG]: Mutation Vector:
 {1: {}, 2: {}, 3: {}, 4: {0: b'\x05\xc8\xc1\xf6d\xd6\xcbd\xa7/\xfa\xf7\x0et\xbb\x16'}, 5: {}, 6: {}, 7: {}, 8: {}, 9: {}, 10: {}, 11: {}, 12: {0: b';\xc3c\xcc\x11\x8e<\x96\x9dY\x92\x8c\xbaD\x8e\xd8\x16\xf4F\x14c\xec\x1e\x9f\xd3U]\xea\xa8\xd0\xaeT\t\xc2/6J\xcdCC\xb4\xe6\xf6\xdf}\x02\\P\x97\n\xc6~\xfc+5A\xdfV\xb1sd\x01\xfd:'}, 13: {}, 14: {}}
[ERROR]:  pop from empty list
**Find States: 10**
**Find Bugs: 0**
2023-09-25 20:38:47
---------------------Round 180---------------------
[DEBUG]: Chosen State:
 receive_pairing_confirm_state
[DEBUG]: Mutation Vector:
 {1: {}, 2: {}, 3: {}, 4: {0: b'\xc8\xfa\x05\xf6\xbb\xc1td\x16\xa7/d\xf7\xd6\xcb:'}, 5: {}, 6: {}, 7: {}, 8: {}, 9: {}, 10: {}, 11: {}, 12: {}, 13: {}, 14: {}}
[ERROR]:  pop from empty list
**Find States: 10**
**Find Bugs: 0**
2023-09-25 20:39:02
---------------------Round 181---------------------
[DEBUG]: Chosen State:
 state_3
[DEBUG]: Mutation Vector:
 {1: {3: b'\x11'}, 2: {}, 3: {}, 4: {}, 5: {}, 6: {}, 7: {}, 8: {}, 9: {}, 10: {}, 11: {}, 12: {0: b';\xc3c\xcc\x11\x8e<\x96\x9dY\x92\x8c\xbaD\x8e\xd8\x16\xf4F\x14c\xec\x1e\x9f\xd3U]\xea\xa8\xd0\xaeT\t\xc2/6J\xcdCC\xb4\xe6\xf6\xdf}\x02\\P\x97\n\xc6~\xfc+5A\xdfV\xb1sd\x01\xfd;'}, 13: {0: b'\x1e\xf1\x13MRh\xc4b\xca\xcd\x0c\x99\xbc5\x88Z'}, 14: {}}
[ERROR]:  pop from empty list
**Find States: 10**
**Find Bugs: 0**
2023-09-25 20:39:17
---------------------Round 182---------------------
[DEBUG]: Chosen State:
 state_8
[DEBUG]: Mutation Vector:
 {1: {}, 2: {}, 3: {}, 4: {}, 5: {}, 6: {}, 7: {}, 8: {}, 9: {}, 10: {}, 11: {}, 12: {0: b';\xc3c\xcc\x11\x8e<\x96\x9dY\x92\x8c\xbaD\x8e\xd8\x16\xf4F\x14c\xec\x1e\x9f\xd3U]\xea\xa8\xd0\xaeT\t\xc2/6J\xcdCC\xb4\xe6\xf6\xdf}\x02\\P\x97\n\xc6~\xfc+5A\xdfV\xb1sd\x01\xfd:'}, 13: {0: b'\x94H\x9b\x02\xabB\x06\xc6\xa5\xed\xd4X\xf9r\x9d\x83'}, 14: {}}
[DEBUG]: Receive Packet:
 {'code': 2, 'io_capability': b'\x03', 'oob_data_flags': b'\x00', 'authreq': b'\x01', 'max_enc_key_size': b'\x10', 'initiator_key_distribution': b'\x02', 'responder_key_distribution': b'\x01'}
[DEBUG]: Receive Packet:
 {'code': 3, 'cfm_value': b';i{\x95\x83\x8c\xbc\xa7_\xac\x93\x10\xae\x9f\xcc\x9b'}
[DEBUG]: Receive Packet:
 {'code': 4, 'random_value': b'm\xc1\x82c\xbc\xd0\xcc\x1d[\xc0xg\xdb\xb8g:'}
[DEBUG]: Receive Packet:
 {'code': 6, 'long_term_key': b'F\xe8\x93\x15!y\xc6M\xc8\x93\x15^D\xf4\xe66'}
**Find States: 10**
**Find Bugs: 0**
2023-09-25 20:39:33
---------------------Round 183---------------------
[DEBUG]: Chosen State:
 receive_pairing_random_state
[DEBUG]: Mutation Vector:
 {1: {}, 2: {}, 3: {}, 4: {}, 5: {}, 6: {}, 7: {}, 8: {}, 9: {}, 10: {}, 11: {}, 12: {}, 13: {0: b'\x94H\x9b\x02\xabB\x06\xc6\xa5\xed\xd4X\xf9r\x9d\x82'}, 14: {}}
[DEBUG]: Receive Packet:
 {'code': 2, 'io_capability': b'\x03', 'oob_data_flags': b'\x00', 'authreq': b'\x01', 'max_enc_key_size': b'\x10', 'initiator_key_distribution': b'\x02', 'responder_key_distribution': b'\x01'}
[DEBUG]: Receive Packet:
 {'code': 3, 'cfm_value': b'J\x0c\x1c\xe1Bg\xd3\x8e\xf3\xdd-\x03\xf1\xb4\x13\x05'}
[DEBUG]: Receive Packet:
 {'code': 4, 'random_value': b'\xc3X\xcbT#Mr9\xce\t\xaes\t0NL'}
[DEBUG]: Receive Packet:
 {'code': 6, 'long_term_key': b'\xf0(\x97vL\xa6u&\x9fE\xa2+\x06V+^'}
[DEBUG]: Receive Packet:
 {'code': 7, 'ediv': b'\xc3X', 'random_value': b'\xcbT#Mr9\xce\t'}
**Find States: 10**
**Find Bugs: 0**
2023-09-25 20:39:48
---------------------Round 184---------------------
[DEBUG]: Chosen State:
 receive_pairing_dhkey_check_state
---------------------Round 185---------------------
[DEBUG]: Chosen State:
 receive_pairing_dhkey_check_state
---------------------Round 186---------------------
[DEBUG]: Chosen State:
 receive_pairing_public_key_state
[DEBUG]: Mutation Vector:
 {1: {}, 2: {}, 3: {}, 4: {0: b'\x05\xc8\xc1\xf6d\xd6\xcbd\xa7/\xfa\xf7:t\xbb\x17'}, 5: {}, 6: {}, 7: {}, 8: {}, 9: {}, 10: {}, 11: {}, 12: {}, 13: {}, 14: {}}
[DEBUG]: Receive Packet:
 {'code': 2, 'io_capability': b'\x03', 'oob_data_flags': b'\x00', 'authreq': b'\x01', 'max_enc_key_size': b'\x10', 'initiator_key_distribution': b'\x02', 'responder_key_distribution': b'\x01'}
[DEBUG]: Receive Packet:
 {'code': 3, 'cfm_value': b"\xc9'\xe6UlcG\x882\xf4\x98\x8d\x0c\xd5\xfd\xc0"}
**Find States: 10**
**Find Bugs: 0**
2023-09-25 20:40:03
---------------------Round 187---------------------
[DEBUG]: Chosen State:
 final_state
---------------------Round 188---------------------
[DEBUG]: Chosen State:
 state_4
[DEBUG]: Mutation Vector:
 {1: {3: b'\x11'}, 2: {}, 3: {}, 4: {}, 5: {}, 6: {}, 7: {}, 8: {}, 9: {}, 10: {}, 11: {}, 12: {0: b';\xc3c\xcc\x11\x8e<\x96\x9dY\x92\x8c\xbaD\x8e\xd8\x16\xf4F\x14c\xec\x1e\x9f\xd3U]\xea\xa8\xd0\xaeT\t\xc2/6J\xcdCC\xb4\xe6\xf6\xdf}\x02\\P\x97\n\xc6~\xfc+5A\xdfV\xb1sd\x01\xfd;'}, 13: {0: b'X\xd4r\x06\xabHB\xed\xf9\xc6\xa5\x9d\x94\x9b\x83\x02'}, 14: {}}
[DEBUG]: Receive Packet:
 {'code': 2, 'io_capability': b'\x03', 'oob_data_flags': b'\x00', 'authreq': b'\x01', 'max_enc_key_size': b'\x10', 'initiator_key_distribution': b'\x02', 'responder_key_distribution': b'\x01'}
[DEBUG]: Receive Packet:
 {'code': 3, 'cfm_value': b'zY\x83\x01\x98K\xbe\x82\xa2\xb4\xc8y\xa7\xc5\x8b\t'}
[DEBUG]: Receive Packet:
 {'code': 4, 'random_value': b">\xa9y'\xb925% #Ux\xbc\xcc\xb3w"}
[DEBUG]: Receive Packet:
 {'code': 6, 'long_term_key': b'\x8fi\x1f\x146\xc3\x068e\x98Nj\x1d\xc1\x039'}
**Find States: 10**
**Find Bugs: 0**
